MPLINK 5.00, LINKER
Linker Map File - Created Fri Jun 29 08:35:45 2018

                                 Section Info
                  Section       Type    Address   Location Size(Bytes)
                ---------  ---------  ---------  ---------  ---------
               _entry_scn       code   0x000000    program   0x000006
                   .cinit    romdata   0x000006    program   0x000002
     .code_source_teste.o       code   0x000008    program   0x000d08
              .code_pow.o       code   0x000d10    program   0x000b1e
                     PROG       code   0x00182e    program   0x000632
              .code_exp.o       code   0x001e60    program   0x0005c6
              .code_log.o       code   0x002426    program   0x0004fa
            .code_fchop.o       code   0x002920    program   0x000292
                   STDLIB       code   0x002bb2    program   0x00017a
            .code_ldexp.o       code   0x002d2c    program   0x000138
            .code_frexp.o       code   0x002e64    program   0x000124
         .code_UnpkMath.o       code   0x002f88    program   0x00011c
         .code_PackMath.o       code   0x0030a4    program   0x00011a
               _cinit_scn       code   0x0031be    program   0x00009e
             .code_fabs.o       code   0x00325c    program   0x000066
           .code_t0read.o       code   0x0032c2    program   0x00003e
          .code_t0write.o       code   0x003300    program   0x000038
           .code_t0open.o       code   0x003338    program   0x000038
             D10KTCYXCODE       code   0x003370    program   0x00002e
         .code_fxd1616u.o       code   0x00339e    program   0x00002c
              D1KTCYXCODE       code   0x0033ca    program   0x000020
                    .code       code   0x0033ea    program   0x000020
             .stringtable    romdata   0x00340a    program   0x00001e
             _startup_scn       code   0x003428    program   0x00001c
              D10TCYXCODE       code   0x003444    program   0x000016
  .romdata_source_teste.o    romdata   0x00345a    program   0x000007
          .romdata_fabs.o    romdata   0x003461    program   0x000000
          .idata_fabs.o_i    romdata   0x003461    program   0x000000
         .idata_frexp.o_i    romdata   0x003461    program   0x000000
         .romdata_frexp.o    romdata   0x003461    program   0x000000
           .romdata_exp.o    romdata   0x003461    program   0x000000
           .idata_exp.o_i    romdata   0x003461    program   0x000000
         .romdata_errno.o    romdata   0x003461    program   0x000000
         .idata_errno.o_i    romdata   0x003461    program   0x000000
         .idata_ldexp.o_i    romdata   0x003461    program   0x000000
           .idata_log.o_i    romdata   0x003461    program   0x000000
      .romdata_PackMath.o    romdata   0x003461    program   0x000000
         .romdata_ldexp.o    romdata   0x003461    program   0x000000
      .idata_PackMath.o_i    romdata   0x003461    program   0x000000
           .romdata_log.o    romdata   0x003461    program   0x000000
         .idata_c018i.o_i    romdata   0x003461    program   0x000000
         .romdata_c018i.o    romdata   0x003461    program   0x000000
  .idata_source_teste.o_i    romdata   0x003461    program   0x000000
      .idata_fxd1616u.o_i    romdata   0x003461    program   0x000000
      .romdata_fxd1616u.o    romdata   0x003461    program   0x000000
        .idata_t0open.o_i    romdata   0x003461    program   0x000000
        .romdata_t0open.o    romdata   0x003461    program   0x000000
        .idata_t0read.o_i    romdata   0x003461    program   0x000000
        .romdata_t0read.o    romdata   0x003461    program   0x000000
       .idata_t0write.o_i    romdata   0x003461    program   0x000000
       .romdata_t0write.o    romdata   0x003461    program   0x000000
        .idata___init.o_i    romdata   0x003461    program   0x000000
        .romdata___init.o    romdata   0x003461    program   0x000000
           .idata_pow.o_i    romdata   0x003461    program   0x000000
           .romdata_pow.o    romdata   0x003461    program   0x000000
      .idata_UnpkMath.o_i    romdata   0x003461    program   0x000000
      .romdata_UnpkMath.o    romdata   0x003461    program   0x000000
         .idata_fchop.o_i    romdata   0x003461    program   0x000000
         .romdata_fchop.o    romdata   0x003461    program   0x000000
           .code___init.o       code   0x003462    program   0x000002
            .code_errno.o       code   0x003462    program   0x000000
            .code_c018i.o       code   0x003462    program   0x000000
.config_300003_source_teste.o    romdata   0x300003    program   0x000001
.config_300005_source_teste.o    romdata   0x300005    program   0x000001
                 .tmpdata      udata   0x000000       data   0x000022
                MATH_DATA      udata   0x000022       data   0x000014
                DELAYDAT2      udata   0x000036       data   0x000001
                DELAYDAT1      udata   0x000037       data   0x000001
           .udata_c018i.o      udata   0x000080       data   0x00000a
           .udata_errno.o      udata   0x00008a       data   0x000002
        .idata_UnpkMath.o      idata   0x00008c       data   0x000000
           .udata_fchop.o      udata   0x00008c       data   0x000000
           .idata_fchop.o      idata   0x00008c       data   0x000000
        .udata_PackMath.o      udata   0x00008c       data   0x000000
        .idata_PackMath.o      idata   0x00008c       data   0x000000
           .idata_errno.o      idata   0x00008c       data   0x000000
             .udata_exp.o      udata   0x00008c       data   0x000000
             .idata_exp.o      idata   0x00008c       data   0x000000
            .udata_fabs.o      udata   0x00008c       data   0x000000
            .idata_fabs.o      idata   0x00008c       data   0x000000
           .udata_frexp.o      udata   0x00008c       data   0x000000
           .idata_frexp.o      idata   0x00008c       data   0x000000
           .udata_ldexp.o      udata   0x00008c       data   0x000000
           .idata_ldexp.o      idata   0x00008c       data   0x000000
             .udata_log.o      udata   0x00008c       data   0x000000
             .idata_log.o      idata   0x00008c       data   0x000000
           .idata_c018i.o      idata   0x00008c       data   0x000000
    .udata_source_teste.o      udata   0x00008c       data   0x000000
    .idata_source_teste.o      idata   0x00008c       data   0x000000
        .udata_fxd1616u.o      udata   0x00008c       data   0x000000
        .idata_fxd1616u.o      idata   0x00008c       data   0x000000
          .udata_t0open.o      udata   0x00008c       data   0x000000
          .idata_t0open.o      idata   0x00008c       data   0x000000
          .udata_t0read.o      udata   0x00008c       data   0x000000
          .idata_t0read.o      idata   0x00008c       data   0x000000
         .udata_t0write.o      udata   0x00008c       data   0x000000
         .idata_t0write.o      idata   0x00008c       data   0x000000
          .udata___init.o      udata   0x00008c       data   0x000000
          .idata___init.o      idata   0x00008c       data   0x000000
             .udata_pow.o      udata   0x00008c       data   0x000000
             .idata_pow.o      idata   0x00008c       data   0x000000
        .udata_UnpkMath.o      udata   0x00008c       data   0x000000
                   .stack      udata   0x000500       data   0x000100
            SFR_UNBANKED0      udata   0x000f80       data   0x000080



                              Program Memory Usage 
                               Start         End      
                           ---------   ---------      
                            0x000000    0x003460      
                            0x003462    0x003463      
                            0x300003    0x300003      
                            0x300005    0x300005      
            13413 out of 33048 program addresses used, program memory utilization is 40%



                              Symbols - Sorted by Name
                     Name    Address   Location    Storage File                     
                ---------  ---------  ---------  --------- ---------                
              Comando_LCD   0x000008    program     extern C:\Users\nikol\Desktop\projeto pic ultimo\lcd.h
                   D10K_1   0x00337c    program     static E:\3.46\pic18-lt\cxx-framework\src\traditional\delays\d10ktcyx.asm
                    D10Kl   0x003388    program     static E:\3.46\pic18-lt\cxx-framework\src\traditional\delays\d10ktcyx.asm
                    D10Kx   0x00337a    program     static E:\3.46\pic18-lt\cxx-framework\src\traditional\delays\d10ktcyx.asm
                    D10_1   0x003454    program     static E:\3.46\pic18-lt\cxx-framework\src\traditional\delays\d10tcyx.asm
                     D10x   0x00344c    program     static E:\3.46\pic18-lt\cxx-framework\src\traditional\delays\d10tcyx.asm
                   D1616S   0x001b28    program     static E:\3.46\pic18-lt\cxx-framework\src\traditional\math\fxd1616s.asm
                D1616SNEG   0x001b36    program     static E:\3.46\pic18-lt\cxx-framework\src\traditional\math\fxd1616s.asm
                 D1616SOK   0x001b32    program     static E:\3.46\pic18-lt\cxx-framework\src\traditional\math\fxd1616s.asm
                  D1616SX   0x001b48    program     static E:\3.46\pic18-lt\cxx-framework\src\traditional\math\fxd1616s.asm
                    D1K_1   0x0033d6    program     static E:\3.46\pic18-lt\cxx-framework\src\traditional\delays\d1ktcyx.asm
                     D1Kx   0x0033d4    program     static E:\3.46\pic18-lt\cxx-framework\src\traditional\delays\d1ktcyx.asm
                  DA1616S   0x001b18    program     static E:\3.46\pic18-lt\cxx-framework\src\traditional\math\fxd1616s.asm
             Delay10KTCYx   0x003370    program     extern E:\3.46\pic18-lt\cxx-framework\src\traditional\delays\d10ktcyx.asm
              Delay10TCYx   0x003444    program     extern E:\3.46\pic18-lt\cxx-framework\src\traditional\delays\d10tcyx.asm
              Delay1KTCYx   0x0033ca    program     extern E:\3.46\pic18-lt\cxx-framework\src\traditional\delays\d1ktcyx.asm
            Escreve_C_LCD   0x00009e    program     extern C:\Users\nikol\Desktop\projeto pic ultimo\lcd.h
              Escreve_LCD   0x0000d0    program     extern C:\Users\nikol\Desktop\projeto pic ultimo\lcd.h
          Escreve_str_LCD   0x000114    program     extern C:\Users\nikol\Desktop\projeto pic ultimo\lcd.h
                 FLO1632S   0x001832    program     extern E:\3.46\pic18-lt\cxx-framework\src\traditional\math\cast16FP.asm
                 FLO1632U   0x00182e    program     extern E:\3.46\pic18-lt\cxx-framework\src\traditional\math\cast16FP.asm
                    FPA32   0x00185a    program     extern E:\3.46\pic18-lt\cxx-framework\src\traditional\math\addFP.asm
                    FPD32   0x001986    program     extern E:\3.46\pic18-lt\cxx-framework\src\traditional\math\divFP.asm
                    FPM32   0x001a2c    program     extern E:\3.46\pic18-lt\cxx-framework\src\traditional\math\mulFP.asm
                    FPS32   0x001858    program     extern E:\3.46\pic18-lt\cxx-framework\src\traditional\math\addFP.asm
                 FXD1616S   0x001b06    program     extern E:\3.46\pic18-lt\cxx-framework\src\traditional\math\fxd1616s.asm
                 FXD1616U   0x00339e    program     extern E:\3.46\pic18-lt\cxx-framework\src\traditional\math\fxd1616u.c
                 FXM1616S   0x001df8    program     extern E:\3.46\pic18-lt\cxx-framework\src\traditional\math\fxm1616s.asm
                  INT3216   0x001b52    program     extern E:\3.46\pic18-lt\cxx-framework\src\traditional\math\castFP16.asm
                  INT3232   0x001bb0    program     extern E:\3.46\pic18-lt\cxx-framework\src\traditional\math\castFP32.asm
           Inicializa_LCD   0x000154    program     extern C:\Users\nikol\Desktop\projeto pic ultimo\lcd.h
                Limpa_LCD   0x0001aa    program     extern C:\Users\nikol\Desktop\projeto pic ultimo\lcd.h
                  OneByte   0x002d1a    program     static E:\3.46\pic18-lt\cxx-framework\src\traditional\stdclib\ltobcd.asm
               OpenTimer0   0x003338    program     extern E:\3.46\pic18-lt\cxx-framework\src\pmc_common\Timers\t0open.c
            Posiciona_LCD   0x00003a    program     extern C:\Users\nikol\Desktop\projeto pic ultimo\lcd.h
                ProcLower   0x002cb2    program     static E:\3.46\pic18-lt\cxx-framework\src\traditional\stdclib\ultoa.asm
                ProcUpper   0x002ca8    program     static E:\3.46\pic18-lt\cxx-framework\src\traditional\stdclib\ultoa.asm
               ReadTimer0   0x0032c2    program     extern E:\3.46\pic18-lt\cxx-framework\src\pmc_common\Timers\t0read.c
                  TAEQB32   0x001e52    program     extern E:\3.46\pic18-lt\cxx-framework\src\traditional\math\eqFP.asm
                  TAGTB32   0x001c1e    program     extern E:\3.46\pic18-lt\cxx-framework\src\traditional\math\gtFP.asm
                  TALTB32   0x001c30    program     extern E:\3.46\pic18-lt\cxx-framework\src\traditional\math\ltFP.asm
               TSIGN1616A   0x001e44    program     static E:\3.46\pic18-lt\cxx-framework\src\traditional\math\fxm1616s.asm
                 TstLower   0x002c9c    program     static E:\3.46\pic18-lt\cxx-framework\src\traditional\stdclib\ultoa.asm
                 TstUpper   0x002c96    program     static E:\3.46\pic18-lt\cxx-framework\src\traditional\stdclib\ultoa.asm
              WriteTimer0   0x003300    program     extern E:\3.46\pic18-lt\cxx-framework\src\pmc_common\Timers\t0write.c
       _D10KTCYXCODE_0010   0x003380    program     static E:\3.46\pic18-lt\cxx-framework\src\traditional\delays\d10ktcyx.asm
       _D10KTCYXCODE_001C   0x00338c    program     static E:\3.46\pic18-lt\cxx-framework\src\traditional\delays\d10ktcyx.asm
        _D10TCYXCODE_000A   0x00344e    program     static E:\3.46\pic18-lt\cxx-framework\src\traditional\delays\d10tcyx.asm
        _D10TCYXCODE_000C   0x003450    program     static E:\3.46\pic18-lt\cxx-framework\src\traditional\delays\d10tcyx.asm
        _D10TCYXCODE_000E   0x003452    program     static E:\3.46\pic18-lt\cxx-framework\src\traditional\delays\d10tcyx.asm
        _D1KTCYXCODE_0010   0x0033da    program     static E:\3.46\pic18-lt\cxx-framework\src\traditional\delays\d1ktcyx.asm
        _D1KTCYXCODE_0016   0x0033e0    program     static E:\3.46\pic18-lt\cxx-framework\src\traditional\delays\d1ktcyx.asm
                _PackMath   0x0030a4    program     extern E:\3.46\pic18-lt\cxx-framework\src\traditional\stdclib\PackMath.c
                _UnpkMath   0x002f88    program     extern E:\3.46\pic18-lt\cxx-framework\src\traditional\stdclib\UnpkMath.c
              __FpCompare   0x001c42    program     extern E:\3.46\pic18-lt\cxx-framework\src\traditional\math\compFP.asm
                 __FpExit   0x001cf8    program     extern E:\3.46\pic18-lt\cxx-framework\src\traditional\math\packFP.asm
                 __FpPack   0x001d24    program     extern E:\3.46\pic18-lt\cxx-framework\src\traditional\math\packFP.asm
            __FpReturnNaN   0x001cec    program     extern E:\3.46\pic18-lt\cxx-framework\src\traditional\math\packFP.asm
         __FpReturnNegInf   0x001cfe    program     extern E:\3.46\pic18-lt\cxx-framework\src\traditional\math\packFP.asm
        __FpReturnNegZero   0x001d16    program     extern E:\3.46\pic18-lt\cxx-framework\src\traditional\math\packFP.asm
         __FpReturnPosInf   0x001d04    program     extern E:\3.46\pic18-lt\cxx-framework\src\traditional\math\packFP.asm
        __FpReturnPosZero   0x001d1e    program     extern E:\3.46\pic18-lt\cxx-framework\src\traditional\math\packFP.asm
        __FpReturnSignInf   0x001cfa    program     extern E:\3.46\pic18-lt\cxx-framework\src\traditional\math\packFP.asm
       __FpReturnSignZero   0x001d12    program     extern E:\3.46\pic18-lt\cxx-framework\src\traditional\math\packFP.asm
              __FpReturnW   0x001d7c    program     extern E:\3.46\pic18-lt\cxx-framework\src\traditional\math\packFP.asm
              __FpUnPackA   0x001d9c    program     extern E:\3.46\pic18-lt\cxx-framework\src\traditional\math\UnpackFP.asm
              __FpUnPackB   0x001dcc    program     extern E:\3.46\pic18-lt\cxx-framework\src\traditional\math\UnpackFP.asm
       ___return_lbl00000   0x000004    program     static                          
       ___return_lbl00000   0x0033c8    program     static                          
       ___return_lbl00001   0x003442    program     static                          
       ___return_lbl00002   0x00325a    program     static                          
               __config_0   0x300003    program     static C:\Users\nikol\Desktop\projeto pic ultimo\source_teste.c
               __config_1   0x300005    program     static C:\Users\nikol\Desktop\projeto pic ultimo\source_teste.c
                   __init   0x003462    program     extern E:\3.46\pic18-lt\cxx-framework\src\traditional\stdclib\__init.c
                   __pa_0   0x002b9a    program     static E:\3.46\pic18-lt\cxx-framework\src\traditional\stdclib\fchop.c
                   __pa_0   0x0027ec    program     static E:\3.46\pic18-lt\cxx-framework\src\traditional\stdclib\log.c
                   __pa_0   0x002e5a    program     static E:\3.46\pic18-lt\cxx-framework\src\traditional\stdclib\ldexp.c
                   __pa_0   0x003096    program     static E:\3.46\pic18-lt\cxx-framework\src\traditional\stdclib\UnpkMath.c
                   __pa_0   0x002f6c    program     static E:\3.46\pic18-lt\cxx-framework\src\traditional\stdclib\frexp.c
                   __pa_0   0x001538    program     static E:\3.46\pic18-lt\cxx-framework\src\traditional\stdclib\pow.c
                   __pa_0   0x00316c    program     static E:\3.46\pic18-lt\cxx-framework\src\traditional\stdclib\PackMath.c
                   __pa_0   0x0022f0    program     static E:\3.46\pic18-lt\cxx-framework\src\traditional\stdclib\exp.c
                   __pa_1   0x002ba4    program     static E:\3.46\pic18-lt\cxx-framework\src\traditional\stdclib\fchop.c
                   __pa_1   0x00317c    program     static E:\3.46\pic18-lt\cxx-framework\src\traditional\stdclib\PackMath.c
                   __pa_1   0x0022f8    program     static E:\3.46\pic18-lt\cxx-framework\src\traditional\stdclib\exp.c
                   __pa_1   0x002f7a    program     static E:\3.46\pic18-lt\cxx-framework\src\traditional\stdclib\frexp.c
                   __pa_1   0x00154e    program     static E:\3.46\pic18-lt\cxx-framework\src\traditional\stdclib\pow.c
                   __pa_1   0x0027f8    program     static E:\3.46\pic18-lt\cxx-framework\src\traditional\stdclib\log.c
                  __pa_10   0x001648    program     static E:\3.46\pic18-lt\cxx-framework\src\traditional\stdclib\pow.c
                  __pa_10   0x0028ae    program     static E:\3.46\pic18-lt\cxx-framework\src\traditional\stdclib\log.c
                  __pa_10   0x0023d6    program     static E:\3.46\pic18-lt\cxx-framework\src\traditional\stdclib\exp.c
                  __pa_11   0x00166e    program     static E:\3.46\pic18-lt\cxx-framework\src\traditional\stdclib\pow.c
                  __pa_11   0x0028b6    program     static E:\3.46\pic18-lt\cxx-framework\src\traditional\stdclib\log.c
                  __pa_11   0x0023e8    program     static E:\3.46\pic18-lt\cxx-framework\src\traditional\stdclib\exp.c
                  __pa_12   0x001680    program     static E:\3.46\pic18-lt\cxx-framework\src\traditional\stdclib\pow.c
                  __pa_12   0x0028c8    program     static E:\3.46\pic18-lt\cxx-framework\src\traditional\stdclib\log.c
                  __pa_12   0x0023fa    program     static E:\3.46\pic18-lt\cxx-framework\src\traditional\stdclib\exp.c
                  __pa_13   0x001692    program     static E:\3.46\pic18-lt\cxx-framework\src\traditional\stdclib\pow.c
                  __pa_13   0x0028e2    program     static E:\3.46\pic18-lt\cxx-framework\src\traditional\stdclib\log.c
                  __pa_13   0x002406    program     static E:\3.46\pic18-lt\cxx-framework\src\traditional\stdclib\exp.c
                  __pa_14   0x0028f4    program     static E:\3.46\pic18-lt\cxx-framework\src\traditional\stdclib\log.c
                  __pa_14   0x00169c    program     static E:\3.46\pic18-lt\cxx-framework\src\traditional\stdclib\pow.c
                  __pa_14   0x002414    program     static E:\3.46\pic18-lt\cxx-framework\src\traditional\stdclib\exp.c
                  __pa_15   0x0016b6    program     static E:\3.46\pic18-lt\cxx-framework\src\traditional\stdclib\pow.c
                  __pa_15   0x002906    program     static E:\3.46\pic18-lt\cxx-framework\src\traditional\stdclib\log.c
                  __pa_15   0x00241e    program     static E:\3.46\pic18-lt\cxx-framework\src\traditional\stdclib\exp.c
                  __pa_16   0x002912    program     static E:\3.46\pic18-lt\cxx-framework\src\traditional\stdclib\log.c
                  __pa_16   0x0016ce    program     static E:\3.46\pic18-lt\cxx-framework\src\traditional\stdclib\pow.c
                  __pa_17   0x0016dc    program     static E:\3.46\pic18-lt\cxx-framework\src\traditional\stdclib\pow.c
                  __pa_18   0x0016ea    program     static E:\3.46\pic18-lt\cxx-framework\src\traditional\stdclib\pow.c
                  __pa_19   0x0016f2    program     static E:\3.46\pic18-lt\cxx-framework\src\traditional\stdclib\pow.c
                   __pa_2   0x001556    program     static E:\3.46\pic18-lt\cxx-framework\src\traditional\stdclib\pow.c
                   __pa_2   0x00280a    program     static E:\3.46\pic18-lt\cxx-framework\src\traditional\stdclib\log.c
                   __pa_2   0x002318    program     static E:\3.46\pic18-lt\cxx-framework\src\traditional\stdclib\exp.c
                   __pa_2   0x00318a    program     static E:\3.46\pic18-lt\cxx-framework\src\traditional\stdclib\PackMath.c
                  __pa_20   0x001704    program     static E:\3.46\pic18-lt\cxx-framework\src\traditional\stdclib\pow.c
                  __pa_21   0x001710    program     static E:\3.46\pic18-lt\cxx-framework\src\traditional\stdclib\pow.c
                  __pa_22   0x001722    program     static E:\3.46\pic18-lt\cxx-framework\src\traditional\stdclib\pow.c
                  __pa_23   0x001734    program     static E:\3.46\pic18-lt\cxx-framework\src\traditional\stdclib\pow.c
                  __pa_24   0x001740    program     static E:\3.46\pic18-lt\cxx-framework\src\traditional\stdclib\pow.c
                  __pa_25   0x00174c    program     static E:\3.46\pic18-lt\cxx-framework\src\traditional\stdclib\pow.c
                  __pa_26   0x00175c    program     static E:\3.46\pic18-lt\cxx-framework\src\traditional\stdclib\pow.c
                  __pa_27   0x00176a    program     static E:\3.46\pic18-lt\cxx-framework\src\traditional\stdclib\pow.c
                  __pa_28   0x001774    program     static E:\3.46\pic18-lt\cxx-framework\src\traditional\stdclib\pow.c
                  __pa_29   0x00177c    program     static E:\3.46\pic18-lt\cxx-framework\src\traditional\stdclib\pow.c
                   __pa_3   0x003194    program     static E:\3.46\pic18-lt\cxx-framework\src\traditional\stdclib\PackMath.c
                   __pa_3   0x001570    program     static E:\3.46\pic18-lt\cxx-framework\src\traditional\stdclib\pow.c
                   __pa_3   0x002332    program     static E:\3.46\pic18-lt\cxx-framework\src\traditional\stdclib\exp.c
                   __pa_3   0x002826    program     static E:\3.46\pic18-lt\cxx-framework\src\traditional\stdclib\log.c
                  __pa_30   0x001784    program     static E:\3.46\pic18-lt\cxx-framework\src\traditional\stdclib\pow.c
                  __pa_31   0x001796    program     static E:\3.46\pic18-lt\cxx-framework\src\traditional\stdclib\pow.c
                  __pa_32   0x0017a2    program     static E:\3.46\pic18-lt\cxx-framework\src\traditional\stdclib\pow.c
                  __pa_33   0x0017a8    program     static E:\3.46\pic18-lt\cxx-framework\src\traditional\stdclib\pow.c
                  __pa_34   0x0017b0    program     static E:\3.46\pic18-lt\cxx-framework\src\traditional\stdclib\pow.c
                  __pa_35   0x0017bc    program     static E:\3.46\pic18-lt\cxx-framework\src\traditional\stdclib\pow.c
                  __pa_36   0x0017ca    program     static E:\3.46\pic18-lt\cxx-framework\src\traditional\stdclib\pow.c
                  __pa_37   0x0017d2    program     static E:\3.46\pic18-lt\cxx-framework\src\traditional\stdclib\pow.c
                  __pa_38   0x0017dc    program     static E:\3.46\pic18-lt\cxx-framework\src\traditional\stdclib\pow.c
                  __pa_39   0x0017e4    program     static E:\3.46\pic18-lt\cxx-framework\src\traditional\stdclib\pow.c
                   __pa_4   0x00282c    program     static E:\3.46\pic18-lt\cxx-framework\src\traditional\stdclib\log.c
                   __pa_4   0x002342    program     static E:\3.46\pic18-lt\cxx-framework\src\traditional\stdclib\exp.c
                   __pa_4   0x0031a2    program     static E:\3.46\pic18-lt\cxx-framework\src\traditional\stdclib\PackMath.c
                   __pa_4   0x0015b4    program     static E:\3.46\pic18-lt\cxx-framework\src\traditional\stdclib\pow.c
                  __pa_40   0x0017ee    program     static E:\3.46\pic18-lt\cxx-framework\src\traditional\stdclib\pow.c
                  __pa_41   0x0017fc    program     static E:\3.46\pic18-lt\cxx-framework\src\traditional\stdclib\pow.c
                  __pa_42   0x001804    program     static E:\3.46\pic18-lt\cxx-framework\src\traditional\stdclib\pow.c
                  __pa_43   0x001810    program     static E:\3.46\pic18-lt\cxx-framework\src\traditional\stdclib\pow.c
                  __pa_44   0x00181e    program     static E:\3.46\pic18-lt\cxx-framework\src\traditional\stdclib\pow.c
                  __pa_45   0x001828    program     static E:\3.46\pic18-lt\cxx-framework\src\traditional\stdclib\pow.c
                   __pa_5   0x002836    program     static E:\3.46\pic18-lt\cxx-framework\src\traditional\stdclib\log.c
                   __pa_5   0x0015d8    program     static E:\3.46\pic18-lt\cxx-framework\src\traditional\stdclib\pow.c
                   __pa_5   0x0031aa    program     static E:\3.46\pic18-lt\cxx-framework\src\traditional\stdclib\PackMath.c
                   __pa_5   0x002354    program     static E:\3.46\pic18-lt\cxx-framework\src\traditional\stdclib\exp.c
                   __pa_6   0x0015e6    program     static E:\3.46\pic18-lt\cxx-framework\src\traditional\stdclib\pow.c
                   __pa_6   0x0031b2    program     static E:\3.46\pic18-lt\cxx-framework\src\traditional\stdclib\PackMath.c
                   __pa_6   0x002854    program     static E:\3.46\pic18-lt\cxx-framework\src\traditional\stdclib\log.c
                   __pa_6   0x00236a    program     static E:\3.46\pic18-lt\cxx-framework\src\traditional\stdclib\exp.c
                   __pa_7   0x00286e    program     static E:\3.46\pic18-lt\cxx-framework\src\traditional\stdclib\log.c
                   __pa_7   0x0015fa    program     static E:\3.46\pic18-lt\cxx-framework\src\traditional\stdclib\pow.c
                   __pa_7   0x002388    program     static E:\3.46\pic18-lt\cxx-framework\src\traditional\stdclib\exp.c
                   __pa_8   0x002888    program     static E:\3.46\pic18-lt\cxx-framework\src\traditional\stdclib\log.c
                   __pa_8   0x0023a4    program     static E:\3.46\pic18-lt\cxx-framework\src\traditional\stdclib\exp.c
                   __pa_8   0x001614    program     static E:\3.46\pic18-lt\cxx-framework\src\traditional\stdclib\pow.c
                   __pa_9   0x00289e    program     static E:\3.46\pic18-lt\cxx-framework\src\traditional\stdclib\log.c
                   __pa_9   0x0023c2    program     static E:\3.46\pic18-lt\cxx-framework\src\traditional\stdclib\exp.c
                   __pa_9   0x00162e    program     static E:\3.46\pic18-lt\cxx-framework\src\traditional\stdclib\pow.c
               __string_0   0x003422    program     static C:\Users\nikol\Desktop\projeto pic ultimo\source_teste.c
               __string_1   0x00341f    program     static C:\Users\nikol\Desktop\projeto pic ultimo\source_teste.c
               __string_2   0x003416    program     static C:\Users\nikol\Desktop\projeto pic ultimo\source_teste.c
               __string_3   0x003414    program     static C:\Users\nikol\Desktop\projeto pic ultimo\source_teste.c
               __string_4   0x00340a    program     static C:\Users\nikol\Desktop\projeto pic ultimo\source_teste.c
            __zero_memory   0x0033ea    program     extern E:\3.46\pic18-lt\cxx-framework\src\traditional\proc\p18f4520.asm
                _do_cinit   0x0031be    program     extern E:\3.46\pic18-lt\cxx-framework\src\traditional\startup\c018i.c
                   _entry   0x000000    program     extern E:\3.46\pic18-lt\cxx-framework\src\traditional\startup\c018i.c
                   _fchop   0x002920    program     extern E:\3.46\pic18-lt\cxx-framework\src\traditional\stdclib\fchop.c
                 _startup   0x003428    program     extern E:\3.46\pic18-lt\cxx-framework\src\traditional\startup\c018i.c
                compare_l   0x003400    program     static E:\3.46\pic18-lt\cxx-framework\src\traditional\proc\p18f4520.asm
                copy_loop   0x003230    program     static                          
            copy_one_byte   0x003236    program     static                          
                     done   0x00325a    program     static                          
             done_copying   0x003244    program     static                          
                  endloop   0x0033c4    program     static                          
                      exp   0x001e60    program     extern E:\3.46\pic18-lt\cxx-framework\src\traditional\stdclib\exp.c
                     fabs   0x00325c    program     extern E:\3.46\pic18-lt\cxx-framework\src\traditional\stdclib\fabs.c
                    frexp   0x002e64    program     extern E:\3.46\pic18-lt\cxx-framework\src\traditional\stdclib\frexp.c
                     ftoa   0x000426    program     extern C:\Users\nikol\Desktop\projeto pic ultimo\source_teste.c
                      ini   0x00345a    program     static C:\Users\nikol\Desktop\projeto pic ultimo\lcd.h
                 intToStr   0x0002d8    program     extern C:\Users\nikol\Desktop\projeto pic ultimo\source_teste.c
                 jANotInf   0x0019a4    program     static E:\3.46\pic18-lt\cxx-framework\src\traditional\math\divFP.asm
                 jANotInf   0x001882    program     static E:\3.46\pic18-lt\cxx-framework\src\traditional\math\addFP.asm
                 jANotInf   0x001a4a    program     static E:\3.46\pic18-lt\cxx-framework\src\traditional\math\mulFP.asm
                 jANotNeg   0x001916    program     static E:\3.46\pic18-lt\cxx-framework\src\traditional\math\addFP.asm
                jANotZero   0x0019b8    program     static E:\3.46\pic18-lt\cxx-framework\src\traditional\math\divFP.asm
              jAandWsetup   0x0018e6    program     static E:\3.46\pic18-lt\cxx-framework\src\traditional\math\addFP.asm
                  jAisNeg   0x001cbe    program     static E:\3.46\pic18-lt\cxx-framework\src\traditional\math\compFP.asm
                 jAltBexp   0x0018d4    program     static E:\3.46\pic18-lt\cxx-framework\src\traditional\math\addFP.asm
                jBANotInf   0x001878    program     static E:\3.46\pic18-lt\cxx-framework\src\traditional\math\addFP.asm
                 jBNotInf   0x001890    program     static E:\3.46\pic18-lt\cxx-framework\src\traditional\math\addFP.asm
              jBothFinite   0x001a58    program     static E:\3.46\pic18-lt\cxx-framework\src\traditional\math\mulFP.asm
             jBothNotZero   0x001c60    program     static E:\3.46\pic18-lt\cxx-framework\src\traditional\math\compFP.asm
             jBothNotZero   0x001a64    program     static E:\3.46\pic18-lt\cxx-framework\src\traditional\math\mulFP.asm
            jDifOrPosSign   0x0018a4    program     static E:\3.46\pic18-lt\cxx-framework\src\traditional\math\addFP.asm
                     jDo1   0x002c62    program     static E:\3.46\pic18-lt\cxx-framework\src\traditional\stdclib\ultoa.asm
                    jDo10   0x002c3e    program     static E:\3.46\pic18-lt\cxx-framework\src\traditional\stdclib\ultoa.asm
                     jDo2   0x002c5e    program     static E:\3.46\pic18-lt\cxx-framework\src\traditional\stdclib\ultoa.asm
                     jDo3   0x002c5a    program     static E:\3.46\pic18-lt\cxx-framework\src\traditional\stdclib\ultoa.asm
                     jDo4   0x002c56    program     static E:\3.46\pic18-lt\cxx-framework\src\traditional\stdclib\ultoa.asm
                     jDo5   0x002c52    program     static E:\3.46\pic18-lt\cxx-framework\src\traditional\stdclib\ultoa.asm
                     jDo6   0x002c4e    program     static E:\3.46\pic18-lt\cxx-framework\src\traditional\stdclib\ultoa.asm
                     jDo7   0x002c4a    program     static E:\3.46\pic18-lt\cxx-framework\src\traditional\stdclib\ultoa.asm
                     jDo8   0x002c46    program     static E:\3.46\pic18-lt\cxx-framework\src\traditional\stdclib\ultoa.asm
                     jDo9   0x002c42    program     static E:\3.46\pic18-lt\cxx-framework\src\traditional\stdclib\ultoa.asm
                      jEQ   0x001c7c    program     static E:\3.46\pic18-lt\cxx-framework\src\traditional\math\compFP.asm
                     jEnd   0x002d16    program     static E:\3.46\pic18-lt\cxx-framework\src\traditional\stdclib\ltobcd.asm
                    jExch   0x001c88    program     static E:\3.46\pic18-lt\cxx-framework\src\traditional\math\compFP.asm
                    jExit   0x001c1c    program     static E:\3.46\pic18-lt\cxx-framework\src\traditional\math\castFP32.asm
                    jExit   0x001bae    program     static E:\3.46\pic18-lt\cxx-framework\src\traditional\math\castFP16.asm
                   jExpEQ   0x001cce    program     static E:\3.46\pic18-lt\cxx-framework\src\traditional\math\compFP.asm
                   jFinal   0x001cb2    program     static E:\3.46\pic18-lt\cxx-framework\src\traditional\math\compFP.asm
               jFinalSign   0x00197e    program     static E:\3.46\pic18-lt\cxx-framework\src\traditional\math\addFP.asm
                jHaveZero   0x001a60    program     static E:\3.46\pic18-lt\cxx-framework\src\traditional\math\mulFP.asm
                jI2F16Beg   0x001842    program     static E:\3.46\pic18-lt\cxx-framework\src\traditional\math\cast16FP.asm
                    jLoop   0x0019e0    program     static E:\3.46\pic18-lt\cxx-framework\src\traditional\math\divFP.asm
                    jLoop   0x001b8e    program     static E:\3.46\pic18-lt\cxx-framework\src\traditional\math\castFP16.asm
                    jLoop   0x001bf0    program     static E:\3.46\pic18-lt\cxx-framework\src\traditional\math\castFP32.asm
                    jLoop   0x002cd8    program     static E:\3.46\pic18-lt\cxx-framework\src\traditional\stdclib\ltobcd.asm
                jLoopExit   0x001b9e    program     static E:\3.46\pic18-lt\cxx-framework\src\traditional\math\castFP16.asm
                jLoopExit   0x001c04    program     static E:\3.46\pic18-lt\cxx-framework\src\traditional\math\castFP32.asm
                     jMax   0x001b62    program     static E:\3.46\pic18-lt\cxx-framework\src\traditional\math\castFP16.asm
                     jMax   0x001bc0    program     static E:\3.46\pic18-lt\cxx-framework\src\traditional\math\castFP32.asm
                  jMaxNeg   0x001bd2    program     static E:\3.46\pic18-lt\cxx-framework\src\traditional\math\castFP32.asm
                  jMaxNeg   0x001b70    program     static E:\3.46\pic18-lt\cxx-framework\src\traditional\math\castFP16.asm
                  jMaxPos   0x001bc4    program     static E:\3.46\pic18-lt\cxx-framework\src\traditional\math\castFP32.asm
                  jMaxPos   0x001b66    program     static E:\3.46\pic18-lt\cxx-framework\src\traditional\math\castFP16.asm
                      jNE   0x001c80    program     static E:\3.46\pic18-lt\cxx-framework\src\traditional\math\compFP.asm
                    jNext   0x001a06    program     static E:\3.46\pic18-lt\cxx-framework\src\traditional\math\divFP.asm
                jNoAdjust   0x001a04    program     static E:\3.46\pic18-lt\cxx-framework\src\traditional\math\divFP.asm
                  jNoExch   0x001ca8    program     static E:\3.46\pic18-lt\cxx-framework\src\traditional\math\compFP.asm
             jNotBothZero   0x0018a8    program     static E:\3.46\pic18-lt\cxx-framework\src\traditional\math\addFP.asm
                  jNotInf   0x001b7e    program     static E:\3.46\pic18-lt\cxx-framework\src\traditional\math\castFP16.asm
                  jNotInf   0x001bde    program     static E:\3.46\pic18-lt\cxx-framework\src\traditional\math\castFP32.asm
                  jPkLoop   0x001d32    program     static E:\3.46\pic18-lt\cxx-framework\src\traditional\math\packFP.asm
             jPkRoundDone   0x001d7c    program     static E:\3.46\pic18-lt\cxx-framework\src\traditional\math\packFP.asm
               jPkRoundIt   0x001d64    program     static E:\3.46\pic18-lt\cxx-framework\src\traditional\math\packFP.asm
             jPkShiftDone   0x001d4e    program     static E:\3.46\pic18-lt\cxx-framework\src\traditional\math\packFP.asm
           jReturnPosInf0   0x001d08    program     static E:\3.46\pic18-lt\cxx-framework\src\traditional\math\packFP.asm
                  jRotate   0x001cda    program     static E:\3.46\pic18-lt\cxx-framework\src\traditional\math\compFP.asm
                   jShift   0x001cc4    program     static E:\3.46\pic18-lt\cxx-framework\src\traditional\math\compFP.asm
               jShiftDone   0x00193e    program     static E:\3.46\pic18-lt\cxx-framework\src\traditional\math\addFP.asm
               jShiftLoop   0x001930    program     static E:\3.46\pic18-lt\cxx-framework\src\traditional\math\addFP.asm
                jSignDone   0x00196e    program     static E:\3.46\pic18-lt\cxx-framework\src\traditional\math\addFP.asm
              jSignedZero   0x0019ae    program     static E:\3.46\pic18-lt\cxx-framework\src\traditional\math\divFP.asm
                 jSignsEQ   0x001c64    program     static E:\3.46\pic18-lt\cxx-framework\src\traditional\math\compFP.asm
                jTstLowZ1   0x002ca6    program     static E:\3.46\pic18-lt\cxx-framework\src\traditional\stdclib\ultoa.asm
                  jUnpkA1   0x001da6    program     static E:\3.46\pic18-lt\cxx-framework\src\traditional\math\UnpackFP.asm
                  jUnpkA2   0x001dbe    program     static E:\3.46\pic18-lt\cxx-framework\src\traditional\math\UnpackFP.asm
                 jUnpkANZ   0x001db4    program     static E:\3.46\pic18-lt\cxx-framework\src\traditional\math\UnpackFP.asm
                  jUnpkB1   0x001dd6    program     static E:\3.46\pic18-lt\cxx-framework\src\traditional\math\UnpackFP.asm
                  jUnpkB2   0x001dee    program     static E:\3.46\pic18-lt\cxx-framework\src\traditional\math\UnpackFP.asm
                 jUnpkBNZ   0x001de4    program     static E:\3.46\pic18-lt\cxx-framework\src\traditional\math\UnpackFP.asm
                 jUnpkNaN   0x001dc8    program     static E:\3.46\pic18-lt\cxx-framework\src\traditional\math\UnpackFP.asm
                 jWNotNeg   0x00192a    program     static E:\3.46\pic18-lt\cxx-framework\src\traditional\math\addFP.asm
                   jWr123   0x001bca    program     static E:\3.46\pic18-lt\cxx-framework\src\traditional\math\castFP32.asm
                  jWrZ123   0x001bda    program     static E:\3.46\pic18-lt\cxx-framework\src\traditional\math\castFP32.asm
                    jZero   0x001bd8    program     static E:\3.46\pic18-lt\cxx-framework\src\traditional\math\castFP32.asm
                    jZero   0x001b78    program     static E:\3.46\pic18-lt\cxx-framework\src\traditional\math\castFP16.asm
               jZero1and2   0x001d0c    program     static E:\3.46\pic18-lt\cxx-framework\src\traditional\math\packFP.asm
                    ldexp   0x002d2c    program     extern E:\3.46\pic18-lt\cxx-framework\src\traditional\stdclib\ldexp.c
                      log   0x002426    program     extern E:\3.46\pic18-lt\cxx-framework\src\traditional\stdclib\log.c
                     loop   0x0033a8    program     static                          
                     loop   0x003438    program     static                          
                   loop_h   0x0033f8    program     static E:\3.46\pic18-lt\cxx-framework\src\traditional\proc\p18f4520.asm
                   loop_l   0x003402    program     static E:\3.46\pic18-lt\cxx-framework\src\traditional\proc\p18f4520.asm
                   ltoBCD   0x002cbc    program     extern E:\3.46\pic18-lt\cxx-framework\src\traditional\stdclib\ltobcd.asm
                     main   0x000684    program     extern C:\Users\nikol\Desktop\projeto pic ultimo\source_teste.c
                      pow   0x000d10    program     extern E:\3.46\pic18-lt\cxx-framework\src\traditional\stdclib\pow.c
                  reverse   0x0001ca    program     extern C:\Users\nikol\Desktop\projeto pic ultimo\source_teste.c
                  set_pin   0x0001b4    program     extern C:\Users\nikol\Desktop\projeto pic ultimo\source_teste.c
                     test   0x0031d8    program     static                          
                    ultoa   0x002bb2    program     extern E:\3.46\pic18-lt\cxx-framework\src\traditional\stdclib\ultoa.asm
               zero_block   0x0033f8    program     static E:\3.46\pic18-lt\cxx-framework\src\traditional\proc\p18f4520.asm
                   ADCON0   0x000fc2       data     extern E:\3.46\pic18-lt\cxx-framework\src\traditional\proc\p18f4520.asm
               ADCON0bits   0x000fc2       data     extern E:\3.46\pic18-lt\cxx-framework\src\traditional\proc\p18f4520.asm
                   ADCON1   0x000fc1       data     extern E:\3.46\pic18-lt\cxx-framework\src\traditional\proc\p18f4520.asm
               ADCON1bits   0x000fc1       data     extern E:\3.46\pic18-lt\cxx-framework\src\traditional\proc\p18f4520.asm
                   ADCON2   0x000fc0       data     extern E:\3.46\pic18-lt\cxx-framework\src\traditional\proc\p18f4520.asm
               ADCON2bits   0x000fc0       data     extern E:\3.46\pic18-lt\cxx-framework\src\traditional\proc\p18f4520.asm
                    ADRES   0x000fc3       data     extern E:\3.46\pic18-lt\cxx-framework\src\traditional\proc\p18f4520.asm
                   ADRESH   0x000fc4       data     extern E:\3.46\pic18-lt\cxx-framework\src\traditional\proc\p18f4520.asm
                   ADRESL   0x000fc3       data     extern E:\3.46\pic18-lt\cxx-framework\src\traditional\proc\p18f4520.asm
                  BAUDCON   0x000fb8       data     extern E:\3.46\pic18-lt\cxx-framework\src\traditional\proc\p18f4520.asm
              BAUDCONbits   0x000fb8       data     extern E:\3.46\pic18-lt\cxx-framework\src\traditional\proc\p18f4520.asm
                  BAUDCTL   0x000fb8       data     extern E:\3.46\pic18-lt\cxx-framework\src\traditional\proc\p18f4520.asm
              BAUDCTLbits   0x000fb8       data     extern E:\3.46\pic18-lt\cxx-framework\src\traditional\proc\p18f4520.asm
                      BSR   0x000fe0       data     extern E:\3.46\pic18-lt\cxx-framework\src\traditional\proc\p18f4520.asm
                  CCP1CON   0x000fbd       data     extern E:\3.46\pic18-lt\cxx-framework\src\traditional\proc\p18f4520.asm
              CCP1CONbits   0x000fbd       data     extern E:\3.46\pic18-lt\cxx-framework\src\traditional\proc\p18f4520.asm
                  CCP2CON   0x000fba       data     extern E:\3.46\pic18-lt\cxx-framework\src\traditional\proc\p18f4520.asm
              CCP2CONbits   0x000fba       data     extern E:\3.46\pic18-lt\cxx-framework\src\traditional\proc\p18f4520.asm
                    CCPR1   0x000fbe       data     extern E:\3.46\pic18-lt\cxx-framework\src\traditional\proc\p18f4520.asm
                   CCPR1H   0x000fbf       data     extern E:\3.46\pic18-lt\cxx-framework\src\traditional\proc\p18f4520.asm
                   CCPR1L   0x000fbe       data     extern E:\3.46\pic18-lt\cxx-framework\src\traditional\proc\p18f4520.asm
                    CCPR2   0x000fbb       data     extern E:\3.46\pic18-lt\cxx-framework\src\traditional\proc\p18f4520.asm
                   CCPR2H   0x000fbc       data     extern E:\3.46\pic18-lt\cxx-framework\src\traditional\proc\p18f4520.asm
                   CCPR2L   0x000fbb       data     extern E:\3.46\pic18-lt\cxx-framework\src\traditional\proc\p18f4520.asm
                    CMCON   0x000fb4       data     extern E:\3.46\pic18-lt\cxx-framework\src\traditional\proc\p18f4520.asm
                CMCONbits   0x000fb4       data     extern E:\3.46\pic18-lt\cxx-framework\src\traditional\proc\p18f4520.asm
                   CVRCON   0x000fb5       data     extern E:\3.46\pic18-lt\cxx-framework\src\traditional\proc\p18f4520.asm
               CVRCONbits   0x000fb5       data     extern E:\3.46\pic18-lt\cxx-framework\src\traditional\proc\p18f4520.asm
                     DDRA   0x000f92       data     extern E:\3.46\pic18-lt\cxx-framework\src\traditional\proc\p18f4520.asm
                 DDRAbits   0x000f92       data     extern E:\3.46\pic18-lt\cxx-framework\src\traditional\proc\p18f4520.asm
                     DDRB   0x000f93       data     extern E:\3.46\pic18-lt\cxx-framework\src\traditional\proc\p18f4520.asm
                 DDRBbits   0x000f93       data     extern E:\3.46\pic18-lt\cxx-framework\src\traditional\proc\p18f4520.asm
                     DDRC   0x000f94       data     extern E:\3.46\pic18-lt\cxx-framework\src\traditional\proc\p18f4520.asm
                 DDRCbits   0x000f94       data     extern E:\3.46\pic18-lt\cxx-framework\src\traditional\proc\p18f4520.asm
                     DDRD   0x000f95       data     extern E:\3.46\pic18-lt\cxx-framework\src\traditional\proc\p18f4520.asm
                 DDRDbits   0x000f95       data     extern E:\3.46\pic18-lt\cxx-framework\src\traditional\proc\p18f4520.asm
                     DDRE   0x000f96       data     extern E:\3.46\pic18-lt\cxx-framework\src\traditional\proc\p18f4520.asm
                 DDREbits   0x000f96       data     extern E:\3.46\pic18-lt\cxx-framework\src\traditional\proc\p18f4520.asm
            DelayCounter1   0x000037       data     extern E:\3.46\pic18-lt\cxx-framework\src\traditional\delays\delayd1.asm
            DelayCounter2   0x000036       data     extern E:\3.46\pic18-lt\cxx-framework\src\traditional\delays\delayd2.asm
                  ECCP1AS   0x000fb6       data     extern E:\3.46\pic18-lt\cxx-framework\src\traditional\proc\p18f4520.asm
              ECCP1ASbits   0x000fb6       data     extern E:\3.46\pic18-lt\cxx-framework\src\traditional\proc\p18f4520.asm
                 ECCP1DEL   0x000fb7       data     extern E:\3.46\pic18-lt\cxx-framework\src\traditional\proc\p18f4520.asm
             ECCP1DELbits   0x000fb7       data     extern E:\3.46\pic18-lt\cxx-framework\src\traditional\proc\p18f4520.asm
                   ECCPAS   0x000fb6       data     extern E:\3.46\pic18-lt\cxx-framework\src\traditional\proc\p18f4520.asm
               ECCPASbits   0x000fb6       data     extern E:\3.46\pic18-lt\cxx-framework\src\traditional\proc\p18f4520.asm
                    EEADR   0x000fa9       data     extern E:\3.46\pic18-lt\cxx-framework\src\traditional\proc\p18f4520.asm
                   EECON1   0x000fa6       data     extern E:\3.46\pic18-lt\cxx-framework\src\traditional\proc\p18f4520.asm
               EECON1bits   0x000fa6       data     extern E:\3.46\pic18-lt\cxx-framework\src\traditional\proc\p18f4520.asm
                   EECON2   0x000fa7       data     extern E:\3.46\pic18-lt\cxx-framework\src\traditional\proc\p18f4520.asm
                   EEDATA   0x000fa8       data     extern E:\3.46\pic18-lt\cxx-framework\src\traditional\proc\p18f4520.asm
                     FSR0   0x000fe9       data     extern E:\3.46\pic18-lt\cxx-framework\src\traditional\proc\p18f4520.asm
                    FSR0H   0x000fea       data     extern E:\3.46\pic18-lt\cxx-framework\src\traditional\proc\p18f4520.asm
                    FSR0L   0x000fe9       data     extern E:\3.46\pic18-lt\cxx-framework\src\traditional\proc\p18f4520.asm
                     FSR1   0x000fe1       data     extern E:\3.46\pic18-lt\cxx-framework\src\traditional\proc\p18f4520.asm
                    FSR1H   0x000fe2       data     extern E:\3.46\pic18-lt\cxx-framework\src\traditional\proc\p18f4520.asm
                    FSR1L   0x000fe1       data     extern E:\3.46\pic18-lt\cxx-framework\src\traditional\proc\p18f4520.asm
                     FSR2   0x000fd9       data     extern E:\3.46\pic18-lt\cxx-framework\src\traditional\proc\p18f4520.asm
                    FSR2H   0x000fda       data     extern E:\3.46\pic18-lt\cxx-framework\src\traditional\proc\p18f4520.asm
                    FSR2L   0x000fd9       data     extern E:\3.46\pic18-lt\cxx-framework\src\traditional\proc\p18f4520.asm
                  HLVDCON   0x000fd2       data     extern E:\3.46\pic18-lt\cxx-framework\src\traditional\proc\p18f4520.asm
              HLVDCONbits   0x000fd2       data     extern E:\3.46\pic18-lt\cxx-framework\src\traditional\proc\p18f4520.asm
                    INDF0   0x000fef       data     extern E:\3.46\pic18-lt\cxx-framework\src\traditional\proc\p18f4520.asm
                    INDF1   0x000fe7       data     extern E:\3.46\pic18-lt\cxx-framework\src\traditional\proc\p18f4520.asm
                    INDF2   0x000fdf       data     extern E:\3.46\pic18-lt\cxx-framework\src\traditional\proc\p18f4520.asm
                   INTCON   0x000ff2       data     extern E:\3.46\pic18-lt\cxx-framework\src\traditional\proc\p18f4520.asm
                  INTCON2   0x000ff1       data     extern E:\3.46\pic18-lt\cxx-framework\src\traditional\proc\p18f4520.asm
              INTCON2bits   0x000ff1       data     extern E:\3.46\pic18-lt\cxx-framework\src\traditional\proc\p18f4520.asm
                  INTCON3   0x000ff0       data     extern E:\3.46\pic18-lt\cxx-framework\src\traditional\proc\p18f4520.asm
              INTCON3bits   0x000ff0       data     extern E:\3.46\pic18-lt\cxx-framework\src\traditional\proc\p18f4520.asm
               INTCONbits   0x000ff2       data     extern E:\3.46\pic18-lt\cxx-framework\src\traditional\proc\p18f4520.asm
                     IPR1   0x000f9f       data     extern E:\3.46\pic18-lt\cxx-framework\src\traditional\proc\p18f4520.asm
                 IPR1bits   0x000f9f       data     extern E:\3.46\pic18-lt\cxx-framework\src\traditional\proc\p18f4520.asm
                     IPR2   0x000fa2       data     extern E:\3.46\pic18-lt\cxx-framework\src\traditional\proc\p18f4520.asm
                 IPR2bits   0x000fa2       data     extern E:\3.46\pic18-lt\cxx-framework\src\traditional\proc\p18f4520.asm
                     LATA   0x000f89       data     extern E:\3.46\pic18-lt\cxx-framework\src\traditional\proc\p18f4520.asm
                 LATAbits   0x000f89       data     extern E:\3.46\pic18-lt\cxx-framework\src\traditional\proc\p18f4520.asm
                     LATB   0x000f8a       data     extern E:\3.46\pic18-lt\cxx-framework\src\traditional\proc\p18f4520.asm
                 LATBbits   0x000f8a       data     extern E:\3.46\pic18-lt\cxx-framework\src\traditional\proc\p18f4520.asm
                     LATC   0x000f8b       data     extern E:\3.46\pic18-lt\cxx-framework\src\traditional\proc\p18f4520.asm
                 LATCbits   0x000f8b       data     extern E:\3.46\pic18-lt\cxx-framework\src\traditional\proc\p18f4520.asm
                     LATD   0x000f8c       data     extern E:\3.46\pic18-lt\cxx-framework\src\traditional\proc\p18f4520.asm
                 LATDbits   0x000f8c       data     extern E:\3.46\pic18-lt\cxx-framework\src\traditional\proc\p18f4520.asm
                     LATE   0x000f8d       data     extern E:\3.46\pic18-lt\cxx-framework\src\traditional\proc\p18f4520.asm
                 LATEbits   0x000f8d       data     extern E:\3.46\pic18-lt\cxx-framework\src\traditional\proc\p18f4520.asm
                   LVDCON   0x000fd2       data     extern E:\3.46\pic18-lt\cxx-framework\src\traditional\proc\p18f4520.asm
               LVDCONbits   0x000fd2       data     extern E:\3.46\pic18-lt\cxx-framework\src\traditional\proc\p18f4520.asm
                   OSCCON   0x000fd3       data     extern E:\3.46\pic18-lt\cxx-framework\src\traditional\proc\p18f4520.asm
               OSCCONbits   0x000fd3       data     extern E:\3.46\pic18-lt\cxx-framework\src\traditional\proc\p18f4520.asm
                  OSCTUNE   0x000f9b       data     extern E:\3.46\pic18-lt\cxx-framework\src\traditional\proc\p18f4520.asm
              OSCTUNEbits   0x000f9b       data     extern E:\3.46\pic18-lt\cxx-framework\src\traditional\proc\p18f4520.asm
                       PC   0x000ff9       data     extern E:\3.46\pic18-lt\cxx-framework\src\traditional\proc\p18f4520.asm
                      PCL   0x000ff9       data     extern E:\3.46\pic18-lt\cxx-framework\src\traditional\proc\p18f4520.asm
                   PCLATH   0x000ffa       data     extern E:\3.46\pic18-lt\cxx-framework\src\traditional\proc\p18f4520.asm
                   PCLATU   0x000ffb       data     extern E:\3.46\pic18-lt\cxx-framework\src\traditional\proc\p18f4520.asm
                     PIE1   0x000f9d       data     extern E:\3.46\pic18-lt\cxx-framework\src\traditional\proc\p18f4520.asm
                 PIE1bits   0x000f9d       data     extern E:\3.46\pic18-lt\cxx-framework\src\traditional\proc\p18f4520.asm
                     PIE2   0x000fa0       data     extern E:\3.46\pic18-lt\cxx-framework\src\traditional\proc\p18f4520.asm
                 PIE2bits   0x000fa0       data     extern E:\3.46\pic18-lt\cxx-framework\src\traditional\proc\p18f4520.asm
                     PIR1   0x000f9e       data     extern E:\3.46\pic18-lt\cxx-framework\src\traditional\proc\p18f4520.asm
                 PIR1bits   0x000f9e       data     extern E:\3.46\pic18-lt\cxx-framework\src\traditional\proc\p18f4520.asm
                     PIR2   0x000fa1       data     extern E:\3.46\pic18-lt\cxx-framework\src\traditional\proc\p18f4520.asm
                 PIR2bits   0x000fa1       data     extern E:\3.46\pic18-lt\cxx-framework\src\traditional\proc\p18f4520.asm
                   PLUSW0   0x000feb       data     extern E:\3.46\pic18-lt\cxx-framework\src\traditional\proc\p18f4520.asm
                   PLUSW1   0x000fe3       data     extern E:\3.46\pic18-lt\cxx-framework\src\traditional\proc\p18f4520.asm
                   PLUSW2   0x000fdb       data     extern E:\3.46\pic18-lt\cxx-framework\src\traditional\proc\p18f4520.asm
                    PORTA   0x000f80       data     extern E:\3.46\pic18-lt\cxx-framework\src\traditional\proc\p18f4520.asm
                PORTAbits   0x000f80       data     extern E:\3.46\pic18-lt\cxx-framework\src\traditional\proc\p18f4520.asm
                    PORTB   0x000f81       data     extern E:\3.46\pic18-lt\cxx-framework\src\traditional\proc\p18f4520.asm
                PORTBbits   0x000f81       data     extern E:\3.46\pic18-lt\cxx-framework\src\traditional\proc\p18f4520.asm
                    PORTC   0x000f82       data     extern E:\3.46\pic18-lt\cxx-framework\src\traditional\proc\p18f4520.asm
                PORTCbits   0x000f82       data     extern E:\3.46\pic18-lt\cxx-framework\src\traditional\proc\p18f4520.asm
                    PORTD   0x000f83       data     extern E:\3.46\pic18-lt\cxx-framework\src\traditional\proc\p18f4520.asm
                PORTDbits   0x000f83       data     extern E:\3.46\pic18-lt\cxx-framework\src\traditional\proc\p18f4520.asm
                    PORTE   0x000f84       data     extern E:\3.46\pic18-lt\cxx-framework\src\traditional\proc\p18f4520.asm
                PORTEbits   0x000f84       data     extern E:\3.46\pic18-lt\cxx-framework\src\traditional\proc\p18f4520.asm
                 POSTDEC0   0x000fed       data     extern E:\3.46\pic18-lt\cxx-framework\src\traditional\proc\p18f4520.asm
                 POSTDEC1   0x000fe5       data     extern E:\3.46\pic18-lt\cxx-framework\src\traditional\proc\p18f4520.asm
                 POSTDEC2   0x000fdd       data     extern E:\3.46\pic18-lt\cxx-framework\src\traditional\proc\p18f4520.asm
                 POSTINC0   0x000fee       data     extern E:\3.46\pic18-lt\cxx-framework\src\traditional\proc\p18f4520.asm
                 POSTINC1   0x000fe6       data     extern E:\3.46\pic18-lt\cxx-framework\src\traditional\proc\p18f4520.asm
                 POSTINC2   0x000fde       data     extern E:\3.46\pic18-lt\cxx-framework\src\traditional\proc\p18f4520.asm
                      PR2   0x000fcb       data     extern E:\3.46\pic18-lt\cxx-framework\src\traditional\proc\p18f4520.asm
                  PREINC0   0x000fec       data     extern E:\3.46\pic18-lt\cxx-framework\src\traditional\proc\p18f4520.asm
                  PREINC1   0x000fe4       data     extern E:\3.46\pic18-lt\cxx-framework\src\traditional\proc\p18f4520.asm
                  PREINC2   0x000fdc       data     extern E:\3.46\pic18-lt\cxx-framework\src\traditional\proc\p18f4520.asm
                     PROD   0x000ff3       data     extern E:\3.46\pic18-lt\cxx-framework\src\traditional\proc\p18f4520.asm
                    PRODH   0x000ff4       data     extern E:\3.46\pic18-lt\cxx-framework\src\traditional\proc\p18f4520.asm
                    PRODL   0x000ff3       data     extern E:\3.46\pic18-lt\cxx-framework\src\traditional\proc\p18f4520.asm
                  PWM1CON   0x000fb7       data     extern E:\3.46\pic18-lt\cxx-framework\src\traditional\proc\p18f4520.asm
              PWM1CONbits   0x000fb7       data     extern E:\3.46\pic18-lt\cxx-framework\src\traditional\proc\p18f4520.asm
                     RCON   0x000fd0       data     extern E:\3.46\pic18-lt\cxx-framework\src\traditional\proc\p18f4520.asm
                 RCONbits   0x000fd0       data     extern E:\3.46\pic18-lt\cxx-framework\src\traditional\proc\p18f4520.asm
                    RCREG   0x000fae       data     extern E:\3.46\pic18-lt\cxx-framework\src\traditional\proc\p18f4520.asm
                    RCSTA   0x000fab       data     extern E:\3.46\pic18-lt\cxx-framework\src\traditional\proc\p18f4520.asm
                RCSTAbits   0x000fab       data     extern E:\3.46\pic18-lt\cxx-framework\src\traditional\proc\p18f4520.asm
                     SIGN   0x000022       data     extern E:\3.46\pic18-lt\cxx-framework\src\traditional\math\cmath18.asm
                    SPBRG   0x000faf       data     extern E:\3.46\pic18-lt\cxx-framework\src\traditional\proc\p18f4520.asm
                   SPBRGH   0x000fb0       data     extern E:\3.46\pic18-lt\cxx-framework\src\traditional\proc\p18f4520.asm
                   SSPADD   0x000fc8       data     extern E:\3.46\pic18-lt\cxx-framework\src\traditional\proc\p18f4520.asm
                   SSPBUF   0x000fc9       data     extern E:\3.46\pic18-lt\cxx-framework\src\traditional\proc\p18f4520.asm
                  SSPCON1   0x000fc6       data     extern E:\3.46\pic18-lt\cxx-framework\src\traditional\proc\p18f4520.asm
              SSPCON1bits   0x000fc6       data     extern E:\3.46\pic18-lt\cxx-framework\src\traditional\proc\p18f4520.asm
                  SSPCON2   0x000fc5       data     extern E:\3.46\pic18-lt\cxx-framework\src\traditional\proc\p18f4520.asm
              SSPCON2bits   0x000fc5       data     extern E:\3.46\pic18-lt\cxx-framework\src\traditional\proc\p18f4520.asm
                  SSPSTAT   0x000fc7       data     extern E:\3.46\pic18-lt\cxx-framework\src\traditional\proc\p18f4520.asm
              SSPSTATbits   0x000fc7       data     extern E:\3.46\pic18-lt\cxx-framework\src\traditional\proc\p18f4520.asm
                   STATUS   0x000fd8       data     extern E:\3.46\pic18-lt\cxx-framework\src\traditional\proc\p18f4520.asm
               STATUSbits   0x000fd8       data     extern E:\3.46\pic18-lt\cxx-framework\src\traditional\proc\p18f4520.asm
                   STKPTR   0x000ffc       data     extern E:\3.46\pic18-lt\cxx-framework\src\traditional\proc\p18f4520.asm
               STKPTRbits   0x000ffc       data     extern E:\3.46\pic18-lt\cxx-framework\src\traditional\proc\p18f4520.asm
                    T0CON   0x000fd5       data     extern E:\3.46\pic18-lt\cxx-framework\src\traditional\proc\p18f4520.asm
                T0CONbits   0x000fd5       data     extern E:\3.46\pic18-lt\cxx-framework\src\traditional\proc\p18f4520.asm
                    T1CON   0x000fcd       data     extern E:\3.46\pic18-lt\cxx-framework\src\traditional\proc\p18f4520.asm
                T1CONbits   0x000fcd       data     extern E:\3.46\pic18-lt\cxx-framework\src\traditional\proc\p18f4520.asm
                    T2CON   0x000fca       data     extern E:\3.46\pic18-lt\cxx-framework\src\traditional\proc\p18f4520.asm
                T2CONbits   0x000fca       data     extern E:\3.46\pic18-lt\cxx-framework\src\traditional\proc\p18f4520.asm
                    T3CON   0x000fb1       data     extern E:\3.46\pic18-lt\cxx-framework\src\traditional\proc\p18f4520.asm
                T3CONbits   0x000fb1       data     extern E:\3.46\pic18-lt\cxx-framework\src\traditional\proc\p18f4520.asm
                   TABLAT   0x000ff5       data     extern E:\3.46\pic18-lt\cxx-framework\src\traditional\proc\p18f4520.asm
                   TBLPTR   0x000ff6       data     extern E:\3.46\pic18-lt\cxx-framework\src\traditional\proc\p18f4520.asm
                  TBLPTRH   0x000ff7       data     extern E:\3.46\pic18-lt\cxx-framework\src\traditional\proc\p18f4520.asm
                  TBLPTRL   0x000ff6       data     extern E:\3.46\pic18-lt\cxx-framework\src\traditional\proc\p18f4520.asm
                  TBLPTRU   0x000ff8       data     extern E:\3.46\pic18-lt\cxx-framework\src\traditional\proc\p18f4520.asm
                    TMR0H   0x000fd7       data     extern E:\3.46\pic18-lt\cxx-framework\src\traditional\proc\p18f4520.asm
                    TMR0L   0x000fd6       data     extern E:\3.46\pic18-lt\cxx-framework\src\traditional\proc\p18f4520.asm
                    TMR1H   0x000fcf       data     extern E:\3.46\pic18-lt\cxx-framework\src\traditional\proc\p18f4520.asm
                    TMR1L   0x000fce       data     extern E:\3.46\pic18-lt\cxx-framework\src\traditional\proc\p18f4520.asm
                     TMR2   0x000fcc       data     extern E:\3.46\pic18-lt\cxx-framework\src\traditional\proc\p18f4520.asm
                    TMR3H   0x000fb3       data     extern E:\3.46\pic18-lt\cxx-framework\src\traditional\proc\p18f4520.asm
                    TMR3L   0x000fb2       data     extern E:\3.46\pic18-lt\cxx-framework\src\traditional\proc\p18f4520.asm
                      TOS   0x000ffd       data     extern E:\3.46\pic18-lt\cxx-framework\src\traditional\proc\p18f4520.asm
                     TOSH   0x000ffe       data     extern E:\3.46\pic18-lt\cxx-framework\src\traditional\proc\p18f4520.asm
                     TOSL   0x000ffd       data     extern E:\3.46\pic18-lt\cxx-framework\src\traditional\proc\p18f4520.asm
                     TOSU   0x000fff       data     extern E:\3.46\pic18-lt\cxx-framework\src\traditional\proc\p18f4520.asm
                    TRISA   0x000f92       data     extern E:\3.46\pic18-lt\cxx-framework\src\traditional\proc\p18f4520.asm
                TRISAbits   0x000f92       data     extern E:\3.46\pic18-lt\cxx-framework\src\traditional\proc\p18f4520.asm
                    TRISB   0x000f93       data     extern E:\3.46\pic18-lt\cxx-framework\src\traditional\proc\p18f4520.asm
                TRISBbits   0x000f93       data     extern E:\3.46\pic18-lt\cxx-framework\src\traditional\proc\p18f4520.asm
                    TRISC   0x000f94       data     extern E:\3.46\pic18-lt\cxx-framework\src\traditional\proc\p18f4520.asm
                TRISCbits   0x000f94       data     extern E:\3.46\pic18-lt\cxx-framework\src\traditional\proc\p18f4520.asm
                    TRISD   0x000f95       data     extern E:\3.46\pic18-lt\cxx-framework\src\traditional\proc\p18f4520.asm
                TRISDbits   0x000f95       data     extern E:\3.46\pic18-lt\cxx-framework\src\traditional\proc\p18f4520.asm
                    TRISE   0x000f96       data     extern E:\3.46\pic18-lt\cxx-framework\src\traditional\proc\p18f4520.asm
                TRISEbits   0x000f96       data     extern E:\3.46\pic18-lt\cxx-framework\src\traditional\proc\p18f4520.asm
                    TXREG   0x000fad       data     extern E:\3.46\pic18-lt\cxx-framework\src\traditional\proc\p18f4520.asm
                    TXSTA   0x000fac       data     extern E:\3.46\pic18-lt\cxx-framework\src\traditional\proc\p18f4520.asm
                TXSTAbits   0x000fac       data     extern E:\3.46\pic18-lt\cxx-framework\src\traditional\proc\p18f4520.asm
                        W   0x000fe8       data     extern E:\3.46\pic18-lt\cxx-framework\src\traditional\proc\p18f4520.asm
                   WDTCON   0x000fd1       data     extern E:\3.46\pic18-lt\cxx-framework\src\traditional\proc\p18f4520.asm
               WDTCONbits   0x000fd1       data     extern E:\3.46\pic18-lt\cxx-framework\src\traditional\proc\p18f4520.asm
                     WREG   0x000fe8       data     extern E:\3.46\pic18-lt\cxx-framework\src\traditional\proc\p18f4520.asm
                 __AARGB0   0x00002b       data     extern E:\3.46\pic18-lt\cxx-framework\src\traditional\math\aarg.asm
                 __AARGB1   0x00002a       data     extern E:\3.46\pic18-lt\cxx-framework\src\traditional\math\aarg.asm
                 __AARGB2   0x000029       data     extern E:\3.46\pic18-lt\cxx-framework\src\traditional\math\aarg.asm
                 __AARGB3   0x000028       data     extern E:\3.46\pic18-lt\cxx-framework\src\traditional\math\aarg.asm
                 __AARGB4   0x000027       data     extern E:\3.46\pic18-lt\cxx-framework\src\traditional\math\aarg.asm
                 __AARGB5   0x000026       data     extern E:\3.46\pic18-lt\cxx-framework\src\traditional\math\aarg.asm
                 __AARGB6   0x000025       data     extern E:\3.46\pic18-lt\cxx-framework\src\traditional\math\aarg.asm
                 __AARGB7   0x000024       data     extern E:\3.46\pic18-lt\cxx-framework\src\traditional\math\aarg.asm
                   __AEXP   0x00002c       data     extern E:\3.46\pic18-lt\cxx-framework\src\traditional\math\aarg.asm
                 __BARGB0   0x000030       data     extern E:\3.46\pic18-lt\cxx-framework\src\traditional\math\barg.asm
                 __BARGB1   0x00002f       data     extern E:\3.46\pic18-lt\cxx-framework\src\traditional\math\barg.asm
                 __BARGB2   0x00002e       data     extern E:\3.46\pic18-lt\cxx-framework\src\traditional\math\barg.asm
                 __BARGB3   0x00002d       data     extern E:\3.46\pic18-lt\cxx-framework\src\traditional\math\barg.asm
                   __BEXP   0x000031       data     extern E:\3.46\pic18-lt\cxx-framework\src\traditional\math\barg.asm
                __FPFLAGS   0x000023       data     extern E:\3.46\pic18-lt\cxx-framework\src\traditional\math\cmath18.asm
            __FPFLAGSbits   0x000023       data     extern E:\3.46\pic18-lt\cxx-framework\src\traditional\math\cmath18.asm
                  __REMB0   0x000027       data     extern E:\3.46\pic18-lt\cxx-framework\src\traditional\math\aarg.asm
                  __REMB1   0x000026       data     extern E:\3.46\pic18-lt\cxx-framework\src\traditional\math\aarg.asm
                  __REMB2   0x000025       data     extern E:\3.46\pic18-lt\cxx-framework\src\traditional\math\aarg.asm
                  __REMB3   0x000024       data     extern E:\3.46\pic18-lt\cxx-framework\src\traditional\math\aarg.asm
                   __TEMP   0x000035       data     extern E:\3.46\pic18-lt\cxx-framework\src\traditional\math\temparg.asm
                 __TEMPB0   0x000035       data     extern E:\3.46\pic18-lt\cxx-framework\src\traditional\math\temparg.asm
                 __TEMPB1   0x000034       data     extern E:\3.46\pic18-lt\cxx-framework\src\traditional\math\temparg.asm
                 __TEMPB2   0x000033       data     extern E:\3.46\pic18-lt\cxx-framework\src\traditional\math\temparg.asm
                 __TEMPB3   0x000032       data     extern E:\3.46\pic18-lt\cxx-framework\src\traditional\math\temparg.asm
                  __tmp_0   0x000000       data     static E:\3.46\pic18-lt\cxx-framework\src\traditional\stdclib\fchop.c
                  __tmp_0   0x000000       data     static E:\3.46\pic18-lt\cxx-framework\src\traditional\stdclib\PackMath.c
                  __tmp_0   0x000000       data     static E:\3.46\pic18-lt\cxx-framework\src\traditional\stdclib\exp.c
                  __tmp_0   0x000000       data     static E:\3.46\pic18-lt\cxx-framework\src\traditional\stdclib\fabs.c
                  __tmp_0   0x000000       data     static E:\3.46\pic18-lt\cxx-framework\src\traditional\stdclib\frexp.c
                  __tmp_0   0x000000       data     static E:\3.46\pic18-lt\cxx-framework\src\traditional\stdclib\ldexp.c
                  __tmp_0   0x000000       data     static E:\3.46\pic18-lt\cxx-framework\src\traditional\stdclib\log.c
                  __tmp_0   0x000000       data     static E:\3.46\pic18-lt\cxx-framework\src\traditional\stdclib\UnpkMath.c
                  __tmp_0   0x000000       data     static E:\3.46\pic18-lt\cxx-framework\src\traditional\stdclib\pow.c
                  __tmp_0   0x000000       data     static E:\3.46\pic18-lt\cxx-framework\src\pmc_common\Timers\t0read.c
                  __tmp_0   0x000000       data     static C:\Users\nikol\Desktop\projeto pic ultimo\source_teste.c
                curr_byte   0x000083       data     static E:\3.46\pic18-lt\cxx-framework\src\traditional\startup\c018i.c
               curr_entry   0x000085       data     static E:\3.46\pic18-lt\cxx-framework\src\traditional\startup\c018i.c
                 data_ptr   0x000087       data     static E:\3.46\pic18-lt\cxx-framework\src\traditional\startup\c018i.c
                    errno   0x00008a       data     extern E:\3.46\pic18-lt\cxx-framework\src\traditional\stdclib\errno.c
                     prom   0x000080       data     static E:\3.46\pic18-lt\cxx-framework\src\traditional\startup\c018i.c



                              Symbols - Sorted by Address
                     Name    Address   Location    Storage File                     
                ---------  ---------  ---------  --------- ---------                
                   _entry   0x000000    program     extern E:\3.46\pic18-lt\cxx-framework\src\traditional\startup\c018i.c
       ___return_lbl00000   0x000004    program     static                          
              Comando_LCD   0x000008    program     extern C:\Users\nikol\Desktop\projeto pic ultimo\lcd.h
            Posiciona_LCD   0x00003a    program     extern C:\Users\nikol\Desktop\projeto pic ultimo\lcd.h
            Escreve_C_LCD   0x00009e    program     extern C:\Users\nikol\Desktop\projeto pic ultimo\lcd.h
              Escreve_LCD   0x0000d0    program     extern C:\Users\nikol\Desktop\projeto pic ultimo\lcd.h
          Escreve_str_LCD   0x000114    program     extern C:\Users\nikol\Desktop\projeto pic ultimo\lcd.h
           Inicializa_LCD   0x000154    program     extern C:\Users\nikol\Desktop\projeto pic ultimo\lcd.h
                Limpa_LCD   0x0001aa    program     extern C:\Users\nikol\Desktop\projeto pic ultimo\lcd.h
                  set_pin   0x0001b4    program     extern C:\Users\nikol\Desktop\projeto pic ultimo\source_teste.c
                  reverse   0x0001ca    program     extern C:\Users\nikol\Desktop\projeto pic ultimo\source_teste.c
                 intToStr   0x0002d8    program     extern C:\Users\nikol\Desktop\projeto pic ultimo\source_teste.c
                     ftoa   0x000426    program     extern C:\Users\nikol\Desktop\projeto pic ultimo\source_teste.c
                     main   0x000684    program     extern C:\Users\nikol\Desktop\projeto pic ultimo\source_teste.c
                      pow   0x000d10    program     extern E:\3.46\pic18-lt\cxx-framework\src\traditional\stdclib\pow.c
                   __pa_0   0x001538    program     static E:\3.46\pic18-lt\cxx-framework\src\traditional\stdclib\pow.c
                   __pa_1   0x00154e    program     static E:\3.46\pic18-lt\cxx-framework\src\traditional\stdclib\pow.c
                   __pa_2   0x001556    program     static E:\3.46\pic18-lt\cxx-framework\src\traditional\stdclib\pow.c
                   __pa_3   0x001570    program     static E:\3.46\pic18-lt\cxx-framework\src\traditional\stdclib\pow.c
                   __pa_4   0x0015b4    program     static E:\3.46\pic18-lt\cxx-framework\src\traditional\stdclib\pow.c
                   __pa_5   0x0015d8    program     static E:\3.46\pic18-lt\cxx-framework\src\traditional\stdclib\pow.c
                   __pa_6   0x0015e6    program     static E:\3.46\pic18-lt\cxx-framework\src\traditional\stdclib\pow.c
                   __pa_7   0x0015fa    program     static E:\3.46\pic18-lt\cxx-framework\src\traditional\stdclib\pow.c
                   __pa_8   0x001614    program     static E:\3.46\pic18-lt\cxx-framework\src\traditional\stdclib\pow.c
                   __pa_9   0x00162e    program     static E:\3.46\pic18-lt\cxx-framework\src\traditional\stdclib\pow.c
                  __pa_10   0x001648    program     static E:\3.46\pic18-lt\cxx-framework\src\traditional\stdclib\pow.c
                  __pa_11   0x00166e    program     static E:\3.46\pic18-lt\cxx-framework\src\traditional\stdclib\pow.c
                  __pa_12   0x001680    program     static E:\3.46\pic18-lt\cxx-framework\src\traditional\stdclib\pow.c
                  __pa_13   0x001692    program     static E:\3.46\pic18-lt\cxx-framework\src\traditional\stdclib\pow.c
                  __pa_14   0x00169c    program     static E:\3.46\pic18-lt\cxx-framework\src\traditional\stdclib\pow.c
                  __pa_15   0x0016b6    program     static E:\3.46\pic18-lt\cxx-framework\src\traditional\stdclib\pow.c
                  __pa_16   0x0016ce    program     static E:\3.46\pic18-lt\cxx-framework\src\traditional\stdclib\pow.c
                  __pa_17   0x0016dc    program     static E:\3.46\pic18-lt\cxx-framework\src\traditional\stdclib\pow.c
                  __pa_18   0x0016ea    program     static E:\3.46\pic18-lt\cxx-framework\src\traditional\stdclib\pow.c
                  __pa_19   0x0016f2    program     static E:\3.46\pic18-lt\cxx-framework\src\traditional\stdclib\pow.c
                  __pa_20   0x001704    program     static E:\3.46\pic18-lt\cxx-framework\src\traditional\stdclib\pow.c
                  __pa_21   0x001710    program     static E:\3.46\pic18-lt\cxx-framework\src\traditional\stdclib\pow.c
                  __pa_22   0x001722    program     static E:\3.46\pic18-lt\cxx-framework\src\traditional\stdclib\pow.c
                  __pa_23   0x001734    program     static E:\3.46\pic18-lt\cxx-framework\src\traditional\stdclib\pow.c
                  __pa_24   0x001740    program     static E:\3.46\pic18-lt\cxx-framework\src\traditional\stdclib\pow.c
                  __pa_25   0x00174c    program     static E:\3.46\pic18-lt\cxx-framework\src\traditional\stdclib\pow.c
                  __pa_26   0x00175c    program     static E:\3.46\pic18-lt\cxx-framework\src\traditional\stdclib\pow.c
                  __pa_27   0x00176a    program     static E:\3.46\pic18-lt\cxx-framework\src\traditional\stdclib\pow.c
                  __pa_28   0x001774    program     static E:\3.46\pic18-lt\cxx-framework\src\traditional\stdclib\pow.c
                  __pa_29   0x00177c    program     static E:\3.46\pic18-lt\cxx-framework\src\traditional\stdclib\pow.c
                  __pa_30   0x001784    program     static E:\3.46\pic18-lt\cxx-framework\src\traditional\stdclib\pow.c
                  __pa_31   0x001796    program     static E:\3.46\pic18-lt\cxx-framework\src\traditional\stdclib\pow.c
                  __pa_32   0x0017a2    program     static E:\3.46\pic18-lt\cxx-framework\src\traditional\stdclib\pow.c
                  __pa_33   0x0017a8    program     static E:\3.46\pic18-lt\cxx-framework\src\traditional\stdclib\pow.c
                  __pa_34   0x0017b0    program     static E:\3.46\pic18-lt\cxx-framework\src\traditional\stdclib\pow.c
                  __pa_35   0x0017bc    program     static E:\3.46\pic18-lt\cxx-framework\src\traditional\stdclib\pow.c
                  __pa_36   0x0017ca    program     static E:\3.46\pic18-lt\cxx-framework\src\traditional\stdclib\pow.c
                  __pa_37   0x0017d2    program     static E:\3.46\pic18-lt\cxx-framework\src\traditional\stdclib\pow.c
                  __pa_38   0x0017dc    program     static E:\3.46\pic18-lt\cxx-framework\src\traditional\stdclib\pow.c
                  __pa_39   0x0017e4    program     static E:\3.46\pic18-lt\cxx-framework\src\traditional\stdclib\pow.c
                  __pa_40   0x0017ee    program     static E:\3.46\pic18-lt\cxx-framework\src\traditional\stdclib\pow.c
                  __pa_41   0x0017fc    program     static E:\3.46\pic18-lt\cxx-framework\src\traditional\stdclib\pow.c
                  __pa_42   0x001804    program     static E:\3.46\pic18-lt\cxx-framework\src\traditional\stdclib\pow.c
                  __pa_43   0x001810    program     static E:\3.46\pic18-lt\cxx-framework\src\traditional\stdclib\pow.c
                  __pa_44   0x00181e    program     static E:\3.46\pic18-lt\cxx-framework\src\traditional\stdclib\pow.c
                  __pa_45   0x001828    program     static E:\3.46\pic18-lt\cxx-framework\src\traditional\stdclib\pow.c
                 FLO1632U   0x00182e    program     extern E:\3.46\pic18-lt\cxx-framework\src\traditional\math\cast16FP.asm
                 FLO1632S   0x001832    program     extern E:\3.46\pic18-lt\cxx-framework\src\traditional\math\cast16FP.asm
                jI2F16Beg   0x001842    program     static E:\3.46\pic18-lt\cxx-framework\src\traditional\math\cast16FP.asm
                    FPS32   0x001858    program     extern E:\3.46\pic18-lt\cxx-framework\src\traditional\math\addFP.asm
                    FPA32   0x00185a    program     extern E:\3.46\pic18-lt\cxx-framework\src\traditional\math\addFP.asm
                jBANotInf   0x001878    program     static E:\3.46\pic18-lt\cxx-framework\src\traditional\math\addFP.asm
                 jANotInf   0x001882    program     static E:\3.46\pic18-lt\cxx-framework\src\traditional\math\addFP.asm
                 jBNotInf   0x001890    program     static E:\3.46\pic18-lt\cxx-framework\src\traditional\math\addFP.asm
            jDifOrPosSign   0x0018a4    program     static E:\3.46\pic18-lt\cxx-framework\src\traditional\math\addFP.asm
             jNotBothZero   0x0018a8    program     static E:\3.46\pic18-lt\cxx-framework\src\traditional\math\addFP.asm
                 jAltBexp   0x0018d4    program     static E:\3.46\pic18-lt\cxx-framework\src\traditional\math\addFP.asm
              jAandWsetup   0x0018e6    program     static E:\3.46\pic18-lt\cxx-framework\src\traditional\math\addFP.asm
                 jANotNeg   0x001916    program     static E:\3.46\pic18-lt\cxx-framework\src\traditional\math\addFP.asm
                 jWNotNeg   0x00192a    program     static E:\3.46\pic18-lt\cxx-framework\src\traditional\math\addFP.asm
               jShiftLoop   0x001930    program     static E:\3.46\pic18-lt\cxx-framework\src\traditional\math\addFP.asm
[...]
                    TRISC   0x000f94       data     extern E:\3.46\pic18-lt\cxx-framework\src\traditional\proc\p18f4520.asm
                TRISCbits   0x000f94       data     extern E:\3.46\pic18-lt\cxx-framework\src\traditional\proc\p18f4520.asm
                 DDRCbits   0x000f94       data     extern E:\3.46\pic18-lt\cxx-framework\src\traditional\proc\p18f4520.asm
                     DDRC   0x000f94       data     extern E:\3.46\pic18-lt\cxx-framework\src\traditional\proc\p18f4520.asm
                     DDRD   0x000f95       data     extern E:\3.46\pic18-lt\cxx-framework\src\traditional\proc\p18f4520.asm
                 DDRDbits   0x000f95       data     extern E:\3.46\pic18-lt\cxx-framework\src\traditional\proc\p18f4520.asm
                    TRISD   0x000f95       data     extern E:\3.46\pic18-lt\cxx-framework\src\traditional\proc\p18f4520.asm
                TRISDbits   0x000f95       data     extern E:\3.46\pic18-lt\cxx-framework\src\traditional\proc\p18f4520.asm
                    TRISE   0x000f96       data     extern E:\3.46\pic18-lt\cxx-framework\src\traditional\proc\p18f4520.asm
                TRISEbits   0x000f96       data     extern E:\3.46\pic18-lt\cxx-framework\src\traditional\proc\p18f4520.asm
                     DDRE   0x000f96       data     extern E:\3.46\pic18-lt\cxx-framework\src\traditional\proc\p18f4520.asm
                 DDREbits   0x000f96       data     extern E:\3.46\pic18-lt\cxx-framework\src\traditional\proc\p18f4520.asm
              OSCTUNEbits   0x000f9b       data     extern E:\3.46\pic18-lt\cxx-framework\src\traditional\proc\p18f4520.asm
                  OSCTUNE   0x000f9b       data     extern E:\3.46\pic18-lt\cxx-framework\src\traditional\proc\p18f4520.asm
                     PIE1   0x000f9d       data     extern E:\3.46\pic18-lt\cxx-framework\src\traditional\proc\p18f4520.asm
                 PIE1bits   0x000f9d       data     extern E:\3.46\pic18-lt\cxx-framework\src\traditional\proc\p18f4520.asm
                     PIR1   0x000f9e       data     extern E:\3.46\pic18-lt\cxx-framework\src\traditional\proc\p18f4520.asm
                 PIR1bits   0x000f9e       data     extern E:\3.46\pic18-lt\cxx-framework\src\traditional\proc\p18f4520.asm
                 IPR1bits   0x000f9f       data     extern E:\3.46\pic18-lt\cxx-framework\src\traditional\proc\p18f4520.asm
                     IPR1   0x000f9f       data     extern E:\3.46\pic18-lt\cxx-framework\src\traditional\proc\p18f4520.asm
                 PIE2bits   0x000fa0       data     extern E:\3.46\pic18-lt\cxx-framework\src\traditional\proc\p18f4520.asm
                     PIE2   0x000fa0       data     extern E:\3.46\pic18-lt\cxx-framework\src\traditional\proc\p18f4520.asm
                 PIR2bits   0x000fa1       data     extern E:\3.46\pic18-lt\cxx-framework\src\traditional\proc\p18f4520.asm
                     PIR2   0x000fa1       data     extern E:\3.46\pic18-lt\cxx-framework\src\traditional\proc\p18f4520.asm
                     IPR2   0x000fa2       data     extern E:\3.46\pic18-lt\cxx-framework\src\traditional\proc\p18f4520.asm
                 IPR2bits   0x000fa2       data     extern E:\3.46\pic18-lt\cxx-framework\src\traditional\proc\p18f4520.asm
               EECON1bits   0x000fa6       data     extern E:\3.46\pic18-lt\cxx-framework\src\traditional\proc\p18f4520.asm
                   EECON1   0x000fa6       data     extern E:\3.46\pic18-lt\cxx-framework\src\traditional\proc\p18f4520.asm
                   EECON2   0x000fa7       data     extern E:\3.46\pic18-lt\cxx-framework\src\traditional\proc\p18f4520.asm
                   EEDATA   0x000fa8       data     extern E:\3.46\pic18-lt\cxx-framework\src\traditional\proc\p18f4520.asm
                    EEADR   0x000fa9       data     extern E:\3.46\pic18-lt\cxx-framework\src\traditional\proc\p18f4520.asm
                    RCSTA   0x000fab       data     extern E:\3.46\pic18-lt\cxx-framework\src\traditional\proc\p18f4520.asm
                RCSTAbits   0x000fab       data     extern E:\3.46\pic18-lt\cxx-framework\src\traditional\proc\p18f4520.asm
                TXSTAbits   0x000fac       data     extern E:\3.46\pic18-lt\cxx-framework\src\traditional\proc\p18f4520.asm
                    TXSTA   0x000fac       data     extern E:\3.46\pic18-lt\cxx-framework\src\traditional\proc\p18f4520.asm
                    TXREG   0x000fad       data     extern E:\3.46\pic18-lt\cxx-framework\src\traditional\proc\p18f4520.asm
                    RCREG   0x000fae       data     extern E:\3.46\pic18-lt\cxx-framework\src\traditional\proc\p18f4520.asm
                    SPBRG   0x000faf       data     extern E:\3.46\pic18-lt\cxx-framework\src\traditional\proc\p18f4520.asm
                   SPBRGH   0x000fb0       data     extern E:\3.46\pic18-lt\cxx-framework\src\traditional\proc\p18f4520.asm
                T3CONbits   0x000fb1       data     extern E:\3.46\pic18-lt\cxx-framework\src\traditional\proc\p18f4520.asm
                    T3CON   0x000fb1       data     extern E:\3.46\pic18-lt\cxx-framework\src\traditional\proc\p18f4520.asm
                    TMR3L   0x000fb2       data     extern E:\3.46\pic18-lt\cxx-framework\src\traditional\proc\p18f4520.asm
                    TMR3H   0x000fb3       data     extern E:\3.46\pic18-lt\cxx-framework\src\traditional\proc\p18f4520.asm
                    CMCON   0x000fb4       data     extern E:\3.46\pic18-lt\cxx-framework\src\traditional\proc\p18f4520.asm
                CMCONbits   0x000fb4       data     extern E:\3.46\pic18-lt\cxx-framework\src\traditional\proc\p18f4520.asm
                   CVRCON   0x000fb5       data     extern E:\3.46\pic18-lt\cxx-framework\src\traditional\proc\p18f4520.asm
               CVRCONbits   0x000fb5       data     extern E:\3.46\pic18-lt\cxx-framework\src\traditional\proc\p18f4520.asm
               ECCPASbits   0x000fb6       data     extern E:\3.46\pic18-lt\cxx-framework\src\traditional\proc\p18f4520.asm
                   ECCPAS   0x000fb6       data     extern E:\3.46\pic18-lt\cxx-framework\src\traditional\proc\p18f4520.asm
              ECCP1ASbits   0x000fb6       data     extern E:\3.46\pic18-lt\cxx-framework\src\traditional\proc\p18f4520.asm
                  ECCP1AS   0x000fb6       data     extern E:\3.46\pic18-lt\cxx-framework\src\traditional\proc\p18f4520.asm
             ECCP1DELbits   0x000fb7       data     extern E:\3.46\pic18-lt\cxx-framework\src\traditional\proc\p18f4520.asm
                 ECCP1DEL   0x000fb7       data     extern E:\3.46\pic18-lt\cxx-framework\src\traditional\proc\p18f4520.asm
              PWM1CONbits   0x000fb7       data     extern E:\3.46\pic18-lt\cxx-framework\src\traditional\proc\p18f4520.asm
                  PWM1CON   0x000fb7       data     extern E:\3.46\pic18-lt\cxx-framework\src\traditional\proc\p18f4520.asm
                  BAUDCTL   0x000fb8       data     extern E:\3.46\pic18-lt\cxx-framework\src\traditional\proc\p18f4520.asm
              BAUDCONbits   0x000fb8       data     extern E:\3.46\pic18-lt\cxx-framework\src\traditional\proc\p18f4520.asm
              BAUDCTLbits   0x000fb8       data     extern E:\3.46\pic18-lt\cxx-framework\src\traditional\proc\p18f4520.asm
                  BAUDCON   0x000fb8       data     extern E:\3.46\pic18-lt\cxx-framework\src\traditional\proc\p18f4520.asm
              CCP2CONbits   0x000fba       data     extern E:\3.46\pic18-lt\cxx-framework\src\traditional\proc\p18f4520.asm
                  CCP2CON   0x000fba       data     extern E:\3.46\pic18-lt\cxx-framework\src\traditional\proc\p18f4520.asm
                   CCPR2L   0x000fbb       data     extern E:\3.46\pic18-lt\cxx-framework\src\traditional\proc\p18f4520.asm
                    CCPR2   0x000fbb       data     extern E:\3.46\pic18-lt\cxx-framework\src\traditional\proc\p18f4520.asm
                   CCPR2H   0x000fbc       data     extern E:\3.46\pic18-lt\cxx-framework\src\traditional\proc\p18f4520.asm
              CCP1CONbits   0x000fbd       data     extern E:\3.46\pic18-lt\cxx-framework\src\traditional\proc\p18f4520.asm
                  CCP1CON   0x000fbd       data     extern E:\3.46\pic18-lt\cxx-framework\src\traditional\proc\p18f4520.asm
                    CCPR1   0x000fbe       data     extern E:\3.46\pic18-lt\cxx-framework\src\traditional\proc\p18f4520.asm
                   CCPR1L   0x000fbe       data     extern E:\3.46\pic18-lt\cxx-framework\src\traditional\proc\p18f4520.asm
                   CCPR1H   0x000fbf       data     extern E:\3.46\pic18-lt\cxx-framework\src\traditional\proc\p18f4520.asm
                   ADCON2   0x000fc0       data     extern E:\3.46\pic18-lt\cxx-framework\src\traditional\proc\p18f4520.asm
               ADCON2bits   0x000fc0       data     extern E:\3.46\pic18-lt\cxx-framework\src\traditional\proc\p18f4520.asm
               ADCON1bits   0x000fc1       data     extern E:\3.46\pic18-lt\cxx-framework\src\traditional\proc\p18f4520.asm
                   ADCON1   0x000fc1       data     extern E:\3.46\pic18-lt\cxx-framework\src\traditional\proc\p18f4520.asm
                   ADCON0   0x000fc2       data     extern E:\3.46\pic18-lt\cxx-framework\src\traditional\proc\p18f4520.asm
               ADCON0bits   0x000fc2       data     extern E:\3.46\pic18-lt\cxx-framework\src\traditional\proc\p18f4520.asm
                    ADRES   0x000fc3       data     extern E:\3.46\pic18-lt\cxx-framework\src\traditional\proc\p18f4520.asm
                   ADRESL   0x000fc3       data     extern E:\3.46\pic18-lt\cxx-framework\src\traditional\proc\p18f4520.asm
                   ADRESH   0x000fc4       data     extern E:\3.46\pic18-lt\cxx-framework\src\traditional\proc\p18f4520.asm
                  SSPCON2   0x000fc5       data     extern E:\3.46\pic18-lt\cxx-framework\src\traditional\proc\p18f4520.asm
              SSPCON2bits   0x000fc5       data     extern E:\3.46\pic18-lt\cxx-framework\src\traditional\proc\p18f4520.asm
                  SSPCON1   0x000fc6       data     extern E:\3.46\pic18-lt\cxx-framework\src\traditional\proc\p18f4520.asm
              SSPCON1bits   0x000fc6       data     extern E:\3.46\pic18-lt\cxx-framework\src\traditional\proc\p18f4520.asm
                  SSPSTAT   0x000fc7       data     extern E:\3.46\pic18-lt\cxx-framework\src\traditional\proc\p18f4520.asm
              SSPSTATbits   0x000fc7       data     extern E:\3.46\pic18-lt\cxx-framework\src\traditional\proc\p18f4520.asm
                   SSPADD   0x000fc8       data     extern E:\3.46\pic18-lt\cxx-framework\src\traditional\proc\p18f4520.asm
                   SSPBUF   0x000fc9       data     extern E:\3.46\pic18-lt\cxx-framework\src\traditional\proc\p18f4520.asm
                    T2CON   0x000fca       data     extern E:\3.46\pic18-lt\cxx-framework\src\traditional\proc\p18f4520.asm
                T2CONbits   0x000fca       data     extern E:\3.46\pic18-lt\cxx-framework\src\traditional\proc\p18f4520.asm
                      PR2   0x000fcb       data     extern E:\3.46\pic18-lt\cxx-framework\src\traditional\proc\p18f4520.asm
                     TMR2   0x000fcc       data     extern E:\3.46\pic18-lt\cxx-framework\src\traditional\proc\p18f4520.asm
                T1CONbits   0x000fcd       data     extern E:\3.46\pic18-lt\cxx-framework\src\traditional\proc\p18f4520.asm
                    T1CON   0x000fcd       data     extern E:\3.46\pic18-lt\cxx-framework\src\traditional\proc\p18f4520.asm
                    TMR1L   0x000fce       data     extern E:\3.46\pic18-lt\cxx-framework\src\traditional\proc\p18f4520.asm
                    TMR1H   0x000fcf       data     extern E:\3.46\pic18-lt\cxx-framework\src\traditional\proc\p18f4520.asm
                     RCON   0x000fd0       data     extern E:\3.46\pic18-lt\cxx-framework\src\traditional\proc\p18f4520.asm
                 RCONbits   0x000fd0       data     extern E:\3.46\pic18-lt\cxx-framework\src\traditional\proc\p18f4520.asm
               WDTCONbits   0x000fd1       data     extern E:\3.46\pic18-lt\cxx-framework\src\traditional\proc\p18f4520.asm
                   WDTCON   0x000fd1       data     extern E:\3.46\pic18-lt\cxx-framework\src\traditional\proc\p18f4520.asm
               LVDCONbits   0x000fd2       data     extern E:\3.46\pic18-lt\cxx-framework\src\traditional\proc\p18f4520.asm
                   LVDCON   0x000fd2       data     extern E:\3.46\pic18-lt\cxx-framework\src\traditional\proc\p18f4520.asm
              HLVDCONbits   0x000fd2       data     extern E:\3.46\pic18-lt\cxx-framework\src\traditional\proc\p18f4520.asm
                  HLVDCON   0x000fd2       data     extern E:\3.46\pic18-lt\cxx-framework\src\traditional\proc\p18f4520.asm
               OSCCONbits   0x000fd3       data     extern E:\3.46\pic18-lt\cxx-framework\src\traditional\proc\p18f4520.asm
                   OSCCON   0x000fd3       data     extern E:\3.46\pic18-lt\cxx-framework\src\traditional\proc\p18f4520.asm
                    T0CON   0x000fd5       data     extern E:\3.46\pic18-lt\cxx-framework\src\traditional\proc\p18f4520.asm
                T0CONbits   0x000fd5       data     extern E:\3.46\pic18-lt\cxx-framework\src\traditional\proc\p18f4520.asm
                    TMR0L   0x000fd6       data     extern E:\3.46\pic18-lt\cxx-framework\src\traditional\proc\p18f4520.asm
                    TMR0H   0x000fd7       data     extern E:\3.46\pic18-lt\cxx-framework\src\traditional\proc\p18f4520.asm
               STATUSbits   0x000fd8       data     extern E:\3.46\pic18-lt\cxx-framework\src\traditional\proc\p18f4520.asm
                   STATUS   0x000fd8       data     extern E:\3.46\pic18-lt\cxx-framework\src\traditional\proc\p18f4520.asm
                    FSR2L   0x000fd9       data     extern E:\3.46\pic18-lt\cxx-framework\src\traditional\proc\p18f4520.asm
                     FSR2   0x000fd9       data     extern E:\3.46\pic18-lt\cxx-framework\src\traditional\proc\p18f4520.asm
                    FSR2H   0x000fda       data     extern E:\3.46\pic18-lt\cxx-framework\src\traditional\proc\p18f4520.asm
                   PLUSW2   0x000fdb       data     extern E:\3.46\pic18-lt\cxx-framework\src\traditional\proc\p18f4520.asm
                  PREINC2   0x000fdc       data     extern E:\3.46\pic18-lt\cxx-framework\src\traditional\proc\p18f4520.asm
                 POSTDEC2   0x000fdd       data     extern E:\3.46\pic18-lt\cxx-framework\src\traditional\proc\p18f4520.asm
                 POSTINC2   0x000fde       data     extern E:\3.46\pic18-lt\cxx-framework\src\traditional\proc\p18f4520.asm
                    INDF2   0x000fdf       data     extern E:\3.46\pic18-lt\cxx-framework\src\traditional\proc\p18f4520.asm
                      BSR   0x000fe0       data     extern E:\3.46\pic18-lt\cxx-framework\src\traditional\proc\p18f4520.asm
                    FSR1L   0x000fe1       data     extern E:\3.46\pic18-lt\cxx-framework\src\traditional\proc\p18f4520.asm
                     FSR1   0x000fe1       data     extern E:\3.46\pic18-lt\cxx-framework\src\traditional\proc\p18f4520.asm
                    FSR1H   0x000fe2       data     extern E:\3.46\pic18-lt\cxx-framework\src\traditional\proc\p18f4520.asm
                   PLUSW1   0x000fe3       data     extern E:\3.46\pic18-lt\cxx-framework\src\traditional\proc\p18f4520.asm
                  PREINC1   0x000fe4       data     extern E:\3.46\pic18-lt\cxx-framework\src\traditional\proc\p18f4520.asm
                 POSTDEC1   0x000fe5       data     extern E:\3.46\pic18-lt\cxx-framework\src\traditional\proc\p18f4520.asm
                 POSTINC1   0x000fe6       data     extern E:\3.46\pic18-lt\cxx-framework\src\traditional\proc\p18f4520.asm
                    INDF1   0x000fe7       data     extern E:\3.46\pic18-lt\cxx-framework\src\traditional\proc\p18f4520.asm
                     WREG   0x000fe8       data     extern E:\3.46\pic18-lt\cxx-framework\src\traditional\proc\p18f4520.asm
                        W   0x000fe8       data     extern E:\3.46\pic18-lt\cxx-framework\src\traditional\proc\p18f4520.asm
                     FSR0   0x000fe9       data     extern E:\3.46\pic18-lt\cxx-framework\src\traditional\proc\p18f4520.asm
                    FSR0L   0x000fe9       data     extern E:\3.46\pic18-lt\cxx-framework\src\traditional\proc\p18f4520.asm
                    FSR0H   0x000fea       data     extern E:\3.46\pic18-lt\cxx-framework\src\traditional\proc\p18f4520.asm
                   PLUSW0   0x000feb       data     extern E:\3.46\pic18-lt\cxx-framework\src\traditional\proc\p18f4520.asm
                  PREINC0   0x000fec       data     extern E:\3.46\pic18-lt\cxx-framework\src\traditional\proc\p18f4520.asm
                 POSTDEC0   0x000fed       data     extern E:\3.46\pic18-lt\cxx-framework\src\traditional\proc\p18f4520.asm
                 POSTINC0   0x000fee       data     extern E:\3.46\pic18-lt\cxx-framework\src\traditional\proc\p18f4520.asm
                    INDF0   0x000fef       data     extern E:\3.46\pic18-lt\cxx-framework\src\traditional\proc\p18f4520.asm
              INTCON3bits   0x000ff0       data     extern E:\3.46\pic18-lt\cxx-framework\src\traditional\proc\p18f4520.asm
                  INTCON3   0x000ff0       data     extern E:\3.46\pic18-lt\cxx-framework\src\traditional\proc\p18f4520.asm
              INTCON2bits   0x000ff1       data     extern E:\3.46\pic18-lt\cxx-framework\src\traditional\proc\p18f4520.asm
                  INTCON2   0x000ff1       data     extern E:\3.46\pic18-lt\cxx-framework\src\traditional\proc\p18f4520.asm
               INTCONbits   0x000ff2       data     extern E:\3.46\pic18-lt\cxx-framework\src\traditional\proc\p18f4520.asm
                   INTCON   0x000ff2       data     extern E:\3.46\pic18-lt\cxx-framework\src\traditional\proc\p18f4520.asm
                     PROD   0x000ff3       data     extern E:\3.46\pic18-lt\cxx-framework\src\traditional\proc\p18f4520.asm
                    PRODL   0x000ff3       data     extern E:\3.46\pic18-lt\cxx-framework\src\traditional\proc\p18f4520.asm
                    PRODH   0x000ff4       data     extern E:\3.46\pic18-lt\cxx-framework\src\traditional\proc\p18f4520.asm
                   TABLAT   0x000ff5       data     extern E:\3.46\pic18-lt\cxx-framework\src\traditional\proc\p18f4520.asm
                  TBLPTRL   0x000ff6       data     extern E:\3.46\pic18-lt\cxx-framework\src\traditional\proc\p18f4520.asm
                   TBLPTR   0x000ff6       data     extern E:\3.46\pic18-lt\cxx-framework\src\traditional\proc\p18f4520.asm
                  TBLPTRH   0x000ff7       data     extern E:\3.46\pic18-lt\cxx-framework\src\traditional\proc\p18f4520.asm
                  TBLPTRU   0x000ff8       data     extern E:\3.46\pic18-lt\cxx-framework\src\traditional\proc\p18f4520.asm
                      PCL   0x000ff9       data     extern E:\3.46\pic18-lt\cxx-framework\src\traditional\proc\p18f4520.asm
                       PC   0x000ff9       data     extern E:\3.46\pic18-lt\cxx-framework\src\traditional\proc\p18f4520.asm
                   PCLATH   0x000ffa       data     extern E:\3.46\pic18-lt\cxx-framework\src\traditional\proc\p18f4520.asm
                   PCLATU   0x000ffb       data     extern E:\3.46\pic18-lt\cxx-framework\src\traditional\proc\p18f4520.asm
                   STKPTR   0x000ffc       data     extern E:\3.46\pic18-lt\cxx-framework\src\traditional\proc\p18f4520.asm
               STKPTRbits   0x000ffc       data     extern E:\3.46\pic18-lt\cxx-framework\src\traditional\proc\p18f4520.asm
                     TOSL   0x000ffd       data     extern E:\3.46\pic18-lt\cxx-framework\src\traditional\proc\p18f4520.asm
                      TOS   0x000ffd       data     extern E:\3.46\pic18-lt\cxx-framework\src\traditional\proc\p18f4520.asm
                     TOSH   0x000ffe       data     extern E:\3.46\pic18-lt\cxx-framework\src\traditional\proc\p18f4520.asm
                     TOSU   0x000fff       data     extern E:\3.46\pic18-lt\cxx-framework\src\traditional\proc\p18f4520.asm


